Archive member included to satisfy reference by file (symbol)

/usr/lib/gcc/arm-none-eabi/9.2.1/thumb/v6-m/nofp/libgcc.a(_dvmd_tls.o)
                              CMakeFiles/test.dir/home/daniel/PSA/Hardware/pico-sdk/src/rp2_common/pico_divider/divider.S.obj (__aeabi_idiv0)
/usr/lib/gcc/arm-none-eabi/9.2.1/../../../arm-none-eabi/lib/thumb/v6-m/nofp/libc.a(lib_a-atexit.o)
                              /usr/lib/gcc/arm-none-eabi/9.2.1/../../../arm-none-eabi/lib/thumb/v6-m/nofp/crt0.o (atexit)
/usr/lib/gcc/arm-none-eabi/9.2.1/../../../arm-none-eabi/lib/thumb/v6-m/nofp/libc.a(lib_a-calloc.o)
                              CMakeFiles/test.dir/home/daniel/PSA/Hardware/pico-sdk/src/rp2_common/pico_malloc/pico_malloc.c.obj (calloc)
/usr/lib/gcc/arm-none-eabi/9.2.1/../../../arm-none-eabi/lib/thumb/v6-m/nofp/libc.a(lib_a-callocr.o)
                              /usr/lib/gcc/arm-none-eabi/9.2.1/../../../arm-none-eabi/lib/thumb/v6-m/nofp/libc.a(lib_a-calloc.o) (_calloc_r)
/usr/lib/gcc/arm-none-eabi/9.2.1/../../../arm-none-eabi/lib/thumb/v6-m/nofp/libc.a(lib_a-fini.o)
                              /usr/lib/gcc/arm-none-eabi/9.2.1/../../../arm-none-eabi/lib/thumb/v6-m/nofp/crt0.o (__libc_fini_array)
/usr/lib/gcc/arm-none-eabi/9.2.1/../../../arm-none-eabi/lib/thumb/v6-m/nofp/libc.a(lib_a-impure.o)
                              /usr/lib/gcc/arm-none-eabi/9.2.1/../../../arm-none-eabi/lib/thumb/v6-m/nofp/libc.a(lib_a-calloc.o) (_impure_ptr)
/usr/lib/gcc/arm-none-eabi/9.2.1/../../../arm-none-eabi/lib/thumb/v6-m/nofp/libc.a(lib_a-init.o)
                              /usr/lib/gcc/arm-none-eabi/9.2.1/../../../arm-none-eabi/lib/thumb/v6-m/nofp/crt0.o (__libc_init_array)
/usr/lib/gcc/arm-none-eabi/9.2.1/../../../arm-none-eabi/lib/thumb/v6-m/nofp/libc.a(lib_a-malloc.o)
                              CMakeFiles/test.dir/home/daniel/PSA/Hardware/pico-sdk/src/rp2_common/pico_malloc/pico_malloc.c.obj (malloc)
/usr/lib/gcc/arm-none-eabi/9.2.1/../../../arm-none-eabi/lib/thumb/v6-m/nofp/libc.a(lib_a-mallocr.o)
                              /usr/lib/gcc/arm-none-eabi/9.2.1/../../../arm-none-eabi/lib/thumb/v6-m/nofp/libc.a(lib_a-callocr.o) (_malloc_r)
/usr/lib/gcc/arm-none-eabi/9.2.1/../../../arm-none-eabi/lib/thumb/v6-m/nofp/libc.a(lib_a-mlock.o)
                              /usr/lib/gcc/arm-none-eabi/9.2.1/../../../arm-none-eabi/lib/thumb/v6-m/nofp/libc.a(lib_a-mallocr.o) (__malloc_lock)
/usr/lib/gcc/arm-none-eabi/9.2.1/../../../arm-none-eabi/lib/thumb/v6-m/nofp/libc.a(lib_a-realloc.o)
                              CMakeFiles/test.dir/home/daniel/PSA/Hardware/pico-sdk/src/rp2_common/pico_malloc/pico_malloc.c.obj (realloc)
/usr/lib/gcc/arm-none-eabi/9.2.1/../../../arm-none-eabi/lib/thumb/v6-m/nofp/libc.a(lib_a-reallocr.o)
                              /usr/lib/gcc/arm-none-eabi/9.2.1/../../../arm-none-eabi/lib/thumb/v6-m/nofp/libc.a(lib_a-realloc.o) (_realloc_r)
/usr/lib/gcc/arm-none-eabi/9.2.1/../../../arm-none-eabi/lib/thumb/v6-m/nofp/libc.a(lib_a-sbrkr.o)
                              /usr/lib/gcc/arm-none-eabi/9.2.1/../../../arm-none-eabi/lib/thumb/v6-m/nofp/libc.a(lib_a-mallocr.o) (_sbrk_r)
/usr/lib/gcc/arm-none-eabi/9.2.1/../../../arm-none-eabi/lib/thumb/v6-m/nofp/libc.a(lib_a-strlen-stub.o)
                              CMakeFiles/test.dir/home/daniel/PSA/Hardware/pico-sdk/src/rp2_common/pico_stdio/stdio.c.obj (strlen)
/usr/lib/gcc/arm-none-eabi/9.2.1/../../../arm-none-eabi/lib/thumb/v6-m/nofp/libc.a(lib_a-__atexit.o)
                              /usr/lib/gcc/arm-none-eabi/9.2.1/../../../arm-none-eabi/lib/thumb/v6-m/nofp/libc.a(lib_a-atexit.o) (__register_exitproc)
/usr/lib/gcc/arm-none-eabi/9.2.1/../../../arm-none-eabi/lib/thumb/v6-m/nofp/libc.a(lib_a-freer.o)
                              /usr/lib/gcc/arm-none-eabi/9.2.1/../../../arm-none-eabi/lib/thumb/v6-m/nofp/libc.a(lib_a-malloc.o) (_free_r)
/usr/lib/gcc/arm-none-eabi/9.2.1/../../../arm-none-eabi/lib/thumb/v6-m/nofp/libc.a(lib_a-memmove.o)
                              /usr/lib/gcc/arm-none-eabi/9.2.1/../../../arm-none-eabi/lib/thumb/v6-m/nofp/libc.a(lib_a-reallocr.o) (memmove)
/usr/lib/gcc/arm-none-eabi/9.2.1/../../../arm-none-eabi/lib/thumb/v6-m/nofp/libc.a(lib_a-reent.o)
                              /usr/lib/gcc/arm-none-eabi/9.2.1/../../../arm-none-eabi/lib/thumb/v6-m/nofp/libc.a(lib_a-sbrkr.o) (errno)

Allocating common symbols
Common symbol       size              file

sf_table            0x100             CMakeFiles/test.dir/home/daniel/PSA/Hardware/pico-sdk/src/rp2_common/pico_float/float_init_rom.c.obj
errno               0x4               /usr/lib/gcc/arm-none-eabi/9.2.1/../../../arm-none-eabi/lib/thumb/v6-m/nofp/libc.a(lib_a-reent.o)
_usbd_qdef_buf      0xc0              CMakeFiles/test.dir/home/daniel/PSA/Hardware/pico-sdk/lib/tinyusb/src/device/usbd.c.obj
sd_table            0x100             CMakeFiles/test.dir/home/daniel/PSA/Hardware/pico-sdk/src/rp2_common/pico_double/double_init_rom.c.obj
uart_char_to_line_feed
[...]
Memory Configuration

Name             Origin             Length             Attributes
FLASH            0x0000000010000000 0x0000000000200000 xr
RAM              0x0000000020000000 0x0000000000040000 xrw
SCRATCH_X        0x0000000020040000 0x0000000000001000 xrw
SCRATCH_Y        0x0000000020041000 0x0000000000001000 xrw
*default*        0x0000000000000000 0xffffffffffffffff

Linker script and memory map

LOAD /usr/lib/gcc/arm-none-eabi/9.2.1/thumb/v6-m/nofp/crti.o
LOAD /usr/lib/gcc/arm-none-eabi/9.2.1/thumb/v6-m/nofp/crtbegin.o
LOAD /usr/lib/gcc/arm-none-eabi/9.2.1/../../../arm-none-eabi/lib/thumb/v6-m/nofp/crt0.o

.flash_begin    0x0000000010000000        0x0
                0x0000000010000000                __flash_binary_start = .

.boot2          0x0000000010000000      0x100
                0x0000000010000000                __boot2_start__ = .
 *(.boot2)
 .boot2         0x0000000010000000      0x100 /tmp/cc9zANOy.o
                0x0000000010000100                __boot2_end__ = .
                0x0000000000000001                ASSERT (((__boot2_end__ - __boot2_start__) == 0x100), ERROR: Pico second stage bootloader must be 256 bytes in size)

.text           0x0000000010000100     0x6aa8
                0x0000000010000100                __logical_binary_start = .
 *(.vectors)
 .vectors       0x0000000010000100       0xd4 CMakeFiles/test.dir/home/daniel/PSA/Hardware/pico-sdk/src/rp2_common/pico_standard_link/crt0.S.obj
                0x0000000010000100                __vectors
                0x0000000010000100                __VECTOR_TABLE
                0x00000000100001c0                isr_invalid
                0x00000000100001c0                __default_isrs_start
                0x00000000100001c2                isr_nmi
                0x00000000100001c4                isr_hardfault
                0x00000000100001c6                isr_svcall
                0x00000000100001c8                isr_pendsv
                0x00000000100001ca                isr_systick
                0x00000000100001cc                isr_irq30
                0x00000000100001cc                __unhandled_user_irq
                0x00000000100001cc                isr_irq13
                0x00000000100001cc                isr_irq27
                0x00000000100001cc                isr_irq31
                0x00000000100001cc                isr_irq5
                0x00000000100001cc                isr_irq11
                0x00000000100001cc                isr_irq23
                0x00000000100001cc                isr_irq18
                0x00000000100001cc                isr_irq28
                0x00000000100001cc                isr_irq19
                0x00000000100001cc                isr_irq0
                0x00000000100001cc                isr_irq6
                0x00000000100001cc                isr_irq22
                0x00000000100001cc                isr_irq17
                0x00000000100001cc                isr_irq14
                0x00000000100001cc                isr_irq2
                0x00000000100001cc                isr_irq10
                0x00000000100001cc                isr_irq8
                0x00000000100001cc                isr_irq24
                0x00000000100001cc                isr_irq1
                0x00000000100001cc                isr_irq7
                0x00000000100001cc                isr_irq21
                0x00000000100001cc                isr_irq20
                0x00000000100001cc                isr_irq15
                0x00000000100001cc                isr_irq25
                0x00000000100001cc                isr_irq4
                0x00000000100001cc                isr_irq16
                0x00000000100001cc                isr_irq29
                0x00000000100001cc                isr_irq26
                0x00000000100001cc                __default_isrs_end
                0x00000000100001cc                isr_irq3
                0x00000000100001cc                isr_irq12
                0x00000000100001cc                isr_irq9
                0x00000000100001d2                unhandled_user_irq_num_in_r0
 *(.binary_info_header)
 .binary_info_header
                0x00000000100001d4       0x14 CMakeFiles/test.dir/home/daniel/PSA/Hardware/pico-sdk/src/rp2_common/pico_standard_link/crt0.S.obj
                0x00000000100001e8                __binary_info_header_end = .
 *(.reset)
 .reset         0x00000000100001e8       0xa0 CMakeFiles/test.dir/home/daniel/PSA/Hardware/pico-sdk/src/rp2_common/pico_standard_link/crt0.S.obj
                0x00000000100001e8                _entry_point
 .reset         0x0000000010000288       0x30 CMakeFiles/test.dir/home/daniel/PSA/Hardware/pico-sdk/src/rp2_common/pico_standard_link/binary_info.c.obj
 *(.init)
 .init          0x00000000100002b8        0x4 /usr/lib/gcc/arm-none-eabi/9.2.1/thumb/v6-m/nofp/crti.o
                0x00000000100002b8                _init
 *(EXCLUDE_FILE(*libm.a: *libc.a:*lib_a-mem*.o *libgcc.a:) .text*)
 .text          0x00000000100002bc       0x98 /usr/lib/gcc/arm-none-eabi/9.2.1/thumb/v6-m/nofp/crtbegin.o
 .text.startup.main
                0x0000000010000354      0x104 CMakeFiles/test.dir/test.c.obj
                0x0000000010000354                main
 .text.gpio_init_mask
                0x0000000010000458       0x68 CMakeFiles/test.dir/home/daniel/PSA/Hardware/pico-sdk/src/rp2_common/hardware_gpio/gpio.c.obj
                0x0000000010000458                gpio_init_mask
 .text.running_on_fpga
                0x00000000100004c0       0x10 CMakeFiles/test.dir/home/daniel/PSA/Hardware/pico-sdk/src/rp2_common/pico_platform/platform.c.obj
                0x00000000100004c0                running_on_fpga
 .text.hw_claim_or_assert
                0x00000000100004d0       0x48 CMakeFiles/test.dir/home/daniel/PSA/Hardware/pico-sdk/src/rp2_common/hardware_claim/claim.c.obj
                0x00000000100004d0                hw_claim_or_assert
 .text.hw_claim_unused_from_range
                0x0000000010000518       0x9c CMakeFiles/test.dir/home/daniel/PSA/Hardware/pico-sdk/src/rp2_common/hardware_claim/claim.c.obj
                0x0000000010000518                hw_claim_unused_from_range
 .text.spin_locks_reset
                0x00000000100005b4       0x1c CMakeFiles/test.dir/home/daniel/PSA/Hardware/pico-sdk/src/rp2_common/hardware_sync/sync.c.obj
                0x00000000100005b4                spin_locks_reset
 .text.next_striped_spin_lock_num
                0x00000000100005d0       0x18 CMakeFiles/test.dir/home/daniel/PSA/Hardware/pico-sdk/src/rp2_common/hardware_sync/sync.c.obj
                0x00000000100005d0                next_striped_spin_lock_num
 .text.spin_lock_claim_unused
                0x00000000100005e8       0x20 CMakeFiles/test.dir/home/daniel/PSA/Hardware/pico-sdk/src/rp2_common/hardware_sync/sync.c.obj
                0x00000000100005e8                spin_lock_claim_unused
 .text.irq_set_enabled
                0x0000000010000608       0x24 CMakeFiles/test.dir/home/daniel/PSA/Hardware/pico-sdk/src/rp2_common/hardware_irq/irq.c.obj
                0x0000000010000608                irq_set_enabled
 .text.irq_set_pending
                0x000000001000062c       0x10 CMakeFiles/test.dir/home/daniel/PSA/Hardware/pico-sdk/src/rp2_common/hardware_irq/irq.c.obj
                0x000000001000062c                irq_set_pending
 .text.irq_has_shared_handler
                0x000000001000063c       0x2c CMakeFiles/test.dir/home/daniel/PSA/Hardware/pico-sdk/src/rp2_common/hardware_irq/irq.c.obj
                0x000000001000063c                irq_has_shared_handler
 .text.irq_get_vtable_handler
                0x0000000010000668       0x10 CMakeFiles/test.dir/home/daniel/PSA/Hardware/pico-sdk/src/rp2_common/hardware_irq/irq.c.obj
                0x0000000010000668                irq_get_vtable_handler
 .text.irq_set_exclusive_handler
                0x0000000010000678       0x54 CMakeFiles/test.dir/home/daniel/PSA/Hardware/pico-sdk/src/rp2_common/hardware_irq/irq.c.obj
                0x0000000010000678                irq_set_exclusive_handler
 .text.irq_add_shared_handler
                0x00000000100006cc      0x1c0 CMakeFiles/test.dir/home/daniel/PSA/Hardware/pico-sdk/src/rp2_common/hardware_irq/irq.c.obj
                0x00000000100006cc                irq_add_shared_handler
 .text.irq_remove_handler
                0x000000001000088c      0x1b4 CMakeFiles/test.dir/home/daniel/PSA/Hardware/pico-sdk/src/rp2_common/hardware_irq/irq.c.obj
                0x000000001000088c                irq_remove_handler
 .text.irq_add_tail_to_free_list
                0x0000000010000a40       0xb4 CMakeFiles/test.dir/home/daniel/PSA/Hardware/pico-sdk/src/rp2_common/hardware_irq/irq.c.obj
                0x0000000010000a40                irq_add_tail_to_free_list
 .text.irq_init_priorities
                0x0000000010000af4       0x24 CMakeFiles/test.dir/home/daniel/PSA/Hardware/pico-sdk/src/rp2_common/hardware_irq/irq.c.obj
                0x0000000010000af4                irq_init_priorities
 .text.user_irq_claim_unused
                0x0000000010000b18       0x28 CMakeFiles/test.dir/home/daniel/PSA/Hardware/pico-sdk/src/rp2_common/hardware_irq/irq.c.obj
                0x0000000010000b18                user_irq_claim_unused
 .text.lock_init
                0x0000000010000b40       0x10 CMakeFiles/test.dir/home/daniel/PSA/Hardware/pico-sdk/src/common/pico_sync/lock_core.c.obj
                0x0000000010000b40                lock_init
 .text.mutex_init
                0x0000000010000b50       0x1c CMakeFiles/test.dir/home/daniel/PSA/Hardware/pico-sdk/src/common/pico_sync/mutex.c.obj
                0x0000000010000b50                mutex_init
 .text.recursive_mutex_init
                0x0000000010000b6c       0x1c CMakeFiles/test.dir/home/daniel/PSA/Hardware/pico-sdk/src/common/pico_sync/mutex.c.obj
                0x0000000010000b6c                recursive_mutex_init
 .text.critical_section_init
                0x0000000010000b88       0x1c CMakeFiles/test.dir/home/daniel/PSA/Hardware/pico-sdk/src/common/pico_sync/critical_section.c.obj
                0x0000000010000b88                critical_section_init
 .text.critical_section_init_with_lock_num
                0x0000000010000ba4       0x14 CMakeFiles/test.dir/home/daniel/PSA/Hardware/pico-sdk/src/common/pico_sync/critical_section.c.obj
                0x0000000010000ba4                critical_section_init_with_lock_num
 .text.timer_pool_entry_comparator
                0x0000000010000bb8       0x34 CMakeFiles/test.dir/home/daniel/PSA/Hardware/pico-sdk/src/common/pico_time/time.c.obj
                0x0000000010000bb8                timer_pool_entry_comparator
 .text.sleep_until_callback
                0x0000000010000bec       0x30 CMakeFiles/test.dir/home/daniel/PSA/Hardware/pico-sdk/src/common/pico_time/time.c.obj
 .text.add_alarm_under_lock
                0x0000000010000c1c      0x108 CMakeFiles/test.dir/home/daniel/PSA/Hardware/pico-sdk/src/common/pico_time/time.c.obj
 .text.alarm_pool_alarm_callback
                0x0000000010000d24      0x1b8 CMakeFiles/test.dir/home/daniel/PSA/Hardware/pico-sdk/src/common/pico_time/time.c.obj
 .text.alarm_pool_init_default
                0x0000000010000edc       0x6c CMakeFiles/test.dir/home/daniel/PSA/Hardware/pico-sdk/src/common/pico_time/time.c.obj
                0x0000000010000edc                alarm_pool_init_default
 .text.alarm_pool_get_default
                0x0000000010000f48        0x8 CMakeFiles/test.dir/home/daniel/PSA/Hardware/pico-sdk/src/common/pico_time/time.c.obj
                0x0000000010000f48                alarm_pool_get_default
 .text.alarm_pool_add_alarm_at
                0x0000000010000f50      0x190 CMakeFiles/test.dir/home/daniel/PSA/Hardware/pico-sdk/src/common/pico_time/time.c.obj
                0x0000000010000f50                alarm_pool_add_alarm_at
 .text.alarm_pool_cancel_alarm
                0x00000000100010e0       0x70 CMakeFiles/test.dir/home/daniel/PSA/Hardware/pico-sdk/src/common/pico_time/time.c.obj
                0x00000000100010e0                alarm_pool_cancel_alarm
 .text.alarm_pool_core_num
                0x0000000010001150        0x4 CMakeFiles/test.dir/home/daniel/PSA/Hardware/pico-sdk/src/common/pico_time/time.c.obj
                0x0000000010001150                alarm_pool_core_num
 .text.sleep_until
                0x0000000010001154       0xc4 CMakeFiles/test.dir/home/daniel/PSA/Hardware/pico-sdk/src/common/pico_time/time.c.obj
                0x0000000010001154                sleep_until
 .text.sleep_ms
                0x0000000010001218       0x34 CMakeFiles/test.dir/home/daniel/PSA/Hardware/pico-sdk/src/common/pico_time/time.c.obj
                0x0000000010001218                sleep_ms
 .text.best_effort_wfe_or_timeout
                0x000000001000124c       0x60 CMakeFiles/test.dir/home/daniel/PSA/Hardware/pico-sdk/src/common/pico_time/time.c.obj
                0x000000001000124c                best_effort_wfe_or_timeout
 .text.hardware_alarm_irq_handler
                0x00000000100012ac       0xbc CMakeFiles/test.dir/home/daniel/PSA/Hardware/pico-sdk/src/rp2_common/hardware_timer/timer.c.obj
 .text.hardware_alarm_claim
                0x0000000010001368       0x18 CMakeFiles/test.dir/home/daniel/PSA/Hardware/pico-sdk/src/rp2_common/hardware_timer/timer.c.obj
                0x0000000010001368                hardware_alarm_claim
 .text.time_us_64
                0x0000000010001380       0x14 CMakeFiles/test.dir/home/daniel/PSA/Hardware/pico-sdk/src/rp2_common/hardware_timer/timer.c.obj
                0x0000000010001380                time_us_64
 .text.busy_wait_until
                0x0000000010001394       0x20 CMakeFiles/test.dir/home/daniel/PSA/Hardware/pico-sdk/src/rp2_common/hardware_timer/timer.c.obj
                0x0000000010001394                busy_wait_until
 .text.hardware_alarm_set_callback
                0x00000000100013b4       0x8c CMakeFiles/test.dir/home/daniel/PSA/Hardware/pico-sdk/src/rp2_common/hardware_timer/timer.c.obj
                0x00000000100013b4                hardware_alarm_set_callback
 .text.hardware_alarm_set_target
                0x0000000010001440       0xe4 CMakeFiles/test.dir/home/daniel/PSA/Hardware/pico-sdk/src/rp2_common/hardware_timer/timer.c.obj
                0x0000000010001440                hardware_alarm_set_target
 .text.hardware_alarm_cancel
                0x0000000010001524       0x40 CMakeFiles/test.dir/home/daniel/PSA/Hardware/pico-sdk/src/rp2_common/hardware_timer/timer.c.obj
                0x0000000010001524                hardware_alarm_cancel
 .text.ph_merge_nodes
                0x0000000010001564       0x68 CMakeFiles/test.dir/home/daniel/PSA/Hardware/pico-sdk/src/common/pico_util/pheap.c.obj
 .text.ph_post_alloc_init
                0x00000000100015cc       0x3c CMakeFiles/test.dir/home/daniel/PSA/Hardware/pico-sdk/src/common/pico_util/pheap.c.obj
                0x00000000100015cc                ph_post_alloc_init
 .text.ph_merge_two_pass
                0x0000000010001608       0x90 CMakeFiles/test.dir/home/daniel/PSA/Hardware/pico-sdk/src/common/pico_util/pheap.c.obj
                0x0000000010001608                ph_merge_two_pass
 .text.ph_remove_any_head
                0x0000000010001698      0x100 CMakeFiles/test.dir/home/daniel/PSA/Hardware/pico-sdk/src/common/pico_util/pheap.c.obj
 .text.ph_remove_head
                0x0000000010001798      0x144 CMakeFiles/test.dir/home/daniel/PSA/Hardware/pico-sdk/src/common/pico_util/pheap.c.obj
                0x0000000010001798                ph_remove_head
 .text.ph_remove_and_free_node
                0x00000000100018dc       0x7c CMakeFiles/test.dir/home/daniel/PSA/Hardware/pico-sdk/src/common/pico_util/pheap.c.obj
                0x00000000100018dc                ph_remove_and_free_node
 .text.clocks_init
                0x0000000010001958      0x2bc CMakeFiles/test.dir/home/daniel/PSA/Hardware/pico-sdk/src/rp2_common/hardware_clocks/clocks.c.obj
                0x0000000010001958                clocks_init
 .text.pll_init
                0x0000000010001c14       0xa8 CMakeFiles/test.dir/home/daniel/PSA/Hardware/pico-sdk/src/rp2_common/hardware_pll/pll.c.obj
                0x0000000010001c14                pll_init
 .text.watchdog_start_tick
                0x0000000010001cbc       0x10 CMakeFiles/test.dir/home/daniel/PSA/Hardware/pico-sdk/src/rp2_common/hardware_watchdog/watchdog.c.obj
                0x0000000010001cbc                watchdog_start_tick
 .text.watchdog_reboot
                0x0000000010001ccc       0x98 CMakeFiles/test.dir/home/daniel/PSA/Hardware/pico-sdk/src/rp2_common/hardware_watchdog/watchdog.c.obj
                0x0000000010001ccc                watchdog_reboot
 .text.xosc_init
                0x0000000010001d64       0x28 CMakeFiles/test.dir/home/daniel/PSA/Hardware/pico-sdk/src/rp2_common/hardware_xosc/xosc.c.obj
                0x0000000010001d64                xosc_init
 .text.runtime_init
                0x0000000010001d8c       0xf0 CMakeFiles/test.dir/home/daniel/PSA/Hardware/pico-sdk/src/rp2_common/pico_runtime/runtime.c.obj
                0x0000000010001d8c                runtime_init
 .text._exit    0x0000000010001e7c        0x4 CMakeFiles/test.dir/home/daniel/PSA/Hardware/pico-sdk/src/rp2_common/pico_runtime/runtime.c.obj
                0x0000000010001e7c                _exit
 .text.exit     0x0000000010001e80        0x8 CMakeFiles/test.dir/home/daniel/PSA/Hardware/pico-sdk/src/rp2_common/pico_runtime/runtime.c.obj
                0x0000000010001e80                exit
 .text.panic    0x0000000010001e88       0x30 CMakeFiles/test.dir/home/daniel/PSA/Hardware/pico-sdk/src/rp2_common/pico_runtime/runtime.c.obj
                0x0000000010001e88                panic
 .text.hard_assertion_failure
                0x0000000010001eb8        0xc CMakeFiles/test.dir/home/daniel/PSA/Hardware/pico-sdk/src/rp2_common/pico_runtime/runtime.c.obj
                0x0000000010001eb8                hard_assertion_failure
 .text._out_null
                0x0000000010001ec4        0x4 CMakeFiles/test.dir/home/daniel/PSA/Hardware/pico-sdk/src/rp2_common/pico_printf/printf.c.obj
 .text._out_rev
                0x0000000010001ec8       0xd0 CMakeFiles/test.dir/home/daniel/PSA/Hardware/pico-sdk/src/rp2_common/pico_printf/printf.c.obj
 .text._ntoa_format
                0x0000000010001f98      0x1d0 CMakeFiles/test.dir/home/daniel/PSA/Hardware/pico-sdk/src/rp2_common/pico_printf/printf.c.obj
 .text._out_char
                0x0000000010002168       0x10 CMakeFiles/test.dir/home/daniel/PSA/Hardware/pico-sdk/src/rp2_common/pico_printf/printf.c.obj
 .text._out_fct
                0x0000000010002178       0x10 CMakeFiles/test.dir/home/daniel/PSA/Hardware/pico-sdk/src/rp2_common/pico_printf/printf.c.obj
 .text._etoa    0x0000000010002188      0x478 CMakeFiles/test.dir/home/daniel/PSA/Hardware/pico-sdk/src/rp2_common/pico_printf/printf.c.obj
 .text._ftoa    0x0000000010002600      0x3e0 CMakeFiles/test.dir/home/daniel/PSA/Hardware/pico-sdk/src/rp2_common/pico_printf/printf.c.obj
 .text._vsnprintf
                0x00000000100029e0      0xb08 CMakeFiles/test.dir/home/daniel/PSA/Hardware/pico-sdk/src/rp2_common/pico_printf/printf.c.obj
 .text.vfctprintf
                0x00000000100034e8       0x20 CMakeFiles/test.dir/home/daniel/PSA/Hardware/pico-sdk/src/rp2_common/pico_printf/printf.c.obj
                0x00000000100034e8                vfctprintf
 .text.weak_raw_vprintf
                0x0000000010003508       0x30 CMakeFiles/test.dir/home/daniel/PSA/Hardware/pico-sdk/src/rp2_common/pico_printf/printf.c.obj
                0x0000000010003508                weak_raw_vprintf
 .text          0x0000000010003538       0x10 CMakeFiles/test.dir/home/daniel/PSA/Hardware/pico-sdk/src/rp2_common/pico_bit_ops/bit_ops_aeabi.S.obj
 .text.rom_func_lookup
                0x0000000010003548       0x10 CMakeFiles/test.dir/home/daniel/PSA/Hardware/pico-sdk/src/rp2_common/pico_bootrom/bootrom.c.obj
                0x0000000010003548                rom_func_lookup
 .text.rom_data_lookup
                0x0000000010003558       0x10 CMakeFiles/test.dir/home/daniel/PSA/Hardware/pico-sdk/src/rp2_common/pico_bootrom/bootrom.c.obj
                0x0000000010003558                rom_data_lookup
 .text.rom_funcs_lookup
                0x0000000010003568       0x3c CMakeFiles/test.dir/home/daniel/PSA/Hardware/pico-sdk/src/rp2_common/pico_bootrom/bootrom.c.obj
                0x0000000010003568                rom_funcs_lookup
 .text.__wrap___aeabi_idiv
                0x00000000100035a4       0x50 CMakeFiles/test.dir/home/daniel/PSA/Hardware/pico-sdk/src/rp2_common/pico_divider/divider.S.obj
                0x00000000100035a4                __wrap___aeabi_idivmod
                0x00000000100035a4                divmod_s32s32
                0x00000000100035a4                div_s32s32
                0x00000000100035a4                __wrap___aeabi_idiv
                0x00000000100035ac                divmod_s32s32_unsafe
                0x00000000100035d8                divmod_s32s32_savestate
 .text.__wrap___aeabi_uidiv
                0x00000000100035f4       0x4c CMakeFiles/test.dir/home/daniel/PSA/Hardware/pico-sdk/src/rp2_common/pico_divider/divider.S.obj
                0x00000000100035f4                __wrap___aeabi_uidiv
                0x00000000100035f4                __wrap___aeabi_uidivmod
                0x00000000100035f4                div_u32u32
                0x00000000100035f4                divmod_u32u32
                0x00000000100035fc                divmod_u32u32_unsafe
                0x0000000010003624                divmod_u32u32_savestate
 .text.__wrap___aeabi_ldiv
                0x0000000010003640      0x424 CMakeFiles/test.dir/home/daniel/PSA/Hardware/pico-sdk/src/rp2_common/pico_divider/divider.S.obj
                0x0000000010003640                div_s64s64
                0x0000000010003640                divmod_s64s64
                0x0000000010003640                __wrap___aeabi_ldivmod
                0x0000000010003670                div_u64u64
                0x0000000010003670                divmod_u64u64
                0x0000000010003670                __wrap___aeabi_uldivmod
                0x0000000010003680                divmod_u64u64_savestate
                0x00000000100036a0                divmod_s64s64_unsafe
                0x0000000010003728                divmod_u64u64_unsafe
 .text.__wrap___aeabi_darithmetic
                0x0000000010003a64       0x80 CMakeFiles/test.dir/home/daniel/PSA/Hardware/pico-sdk/src/rp2_common/pico_double/double_aeabi.S.obj
                0x0000000010003a64                __wrap___aeabi_drsub
                0x0000000010003a6a                __wrap___aeabi_dsub
                0x0000000010003a7c                __wrap___aeabi_dadd
                0x0000000010003a8e                __wrap___aeabi_ddiv
                0x0000000010003aca                __wrap___aeabi_dmul
 .text.__wrap___aeabi_cdcmple
                0x0000000010003ae4       0x6c CMakeFiles/test.dir/home/daniel/PSA/Hardware/pico-sdk/src/rp2_common/pico_double/double_aeabi.S.obj
                0x0000000010003ae4                __wrap___aeabi_cdrcmple
                0x0000000010003af4                __wrap___aeabi_cdcmple
                0x0000000010003af4                __wrap___aeabi_cdcmpeq
 .text.__wrap___aeabi_dcmplt
                0x0000000010003b50        0xc CMakeFiles/test.dir/home/daniel/PSA/Hardware/pico-sdk/src/rp2_common/pico_double/double_aeabi.S.obj
                0x0000000010003b50                __wrap___aeabi_dcmplt
 .text.__wrap___aeabi_dcmple
                0x0000000010003b5c       0x10 CMakeFiles/test.dir/home/daniel/PSA/Hardware/pico-sdk/src/rp2_common/pico_double/double_aeabi.S.obj
                0x0000000010003b5c                __wrap___aeabi_dcmple
 .text.__wrap___aeabi_dcmpge
                0x0000000010003b6c       0x10 CMakeFiles/test.dir/home/daniel/PSA/Hardware/pico-sdk/src/rp2_common/pico_double/double_aeabi.S.obj
                0x0000000010003b6c                __wrap___aeabi_dcmpge
 .text.__wrap___aeabi_dcmpgt
                0x0000000010003b7c        0xa CMakeFiles/test.dir/home/daniel/PSA/Hardware/pico-sdk/src/rp2_common/pico_double/double_aeabi.S.obj
                0x0000000010003b7c                __wrap___aeabi_dcmpgt
 .text.__wrap___aeabi_dcmpun
                0x0000000010003b86       0x1c CMakeFiles/test.dir/home/daniel/PSA/Hardware/pico-sdk/src/rp2_common/pico_double/double_aeabi.S.obj
                0x0000000010003b86                __wrap___aeabi_dcmpun
 *fill*         0x0000000010003ba2        0x2 
 .text.__wrap___aeabi_i2d
                0x0000000010003ba4       0x38 CMakeFiles/test.dir/home/daniel/PSA/Hardware/pico-sdk/src/rp2_common/pico_double/double_aeabi.S.obj
                0x0000000010003ba4                __wrap___aeabi_ui2d
                0x0000000010003bac                __wrap___aeabi_i2d
 .text.__wrap___aeabi_d2iz
                0x0000000010003bdc       0x48 CMakeFiles/test.dir/home/daniel/PSA/Hardware/pico-sdk/src/rp2_common/pico_double/double_aeabi.S.obj
                0x0000000010003bdc                __wrap___aeabi_d2iz
                0x0000000010003bdc                double2int_z
 .text.__wrap___aeabi_d2uiz
                0x0000000010003c24       0x18 CMakeFiles/test.dir/home/daniel/PSA/Hardware/pico-sdk/src/rp2_common/pico_double/double_aeabi.S.obj
                0x0000000010003c24                double2uint
                0x0000000010003c24                __wrap___aeabi_d2uiz
 .text.__aeabi_double_init
                0x0000000010003c3c       0xc0 CMakeFiles/test.dir/home/daniel/PSA/Hardware/pico-sdk/src/rp2_common/pico_double/double_init_rom.c.obj
                0x0000000010003c3c                __aeabi_double_init
 .text.double_table_shim_on_use_helper
                0x0000000010003cfc       0x2c CMakeFiles/test.dir/home/daniel/PSA/Hardware/pico-sdk/src/rp2_common/pico_double/double_v1_rom_shim.S.obj
                0x0000000010003cfc                double_table_shim_on_use_helper
 .text.__wrap___aeabi_dsub
                0x0000000010003d28       0x10 CMakeFiles/test.dir/home/daniel/PSA/Hardware/pico-sdk/src/rp2_common/pico_double/double_v1_rom_shim.S.obj
                0x0000000010003d28                drsub_shim
                0x0000000010003d2e                dsub_shim
 .text.dadd_shim
                0x0000000010003d38      0x15c CMakeFiles/test.dir/home/daniel/PSA/Hardware/pico-sdk/src/rp2_common/pico_double/double_v1_rom_shim.S.obj
                0x0000000010003d38                dadd_shim
 .text.dmul_shim
                0x0000000010003e94      0x15c CMakeFiles/test.dir/home/daniel/PSA/Hardware/pico-sdk/src/rp2_common/pico_double/double_v1_rom_shim.S.obj
                0x0000000010003e94                dmul_shim
 .text.ddiv_shim
                0x0000000010003ff0      0x1b0 CMakeFiles/test.dir/home/daniel/PSA/Hardware/pico-sdk/src/rp2_common/pico_double/double_v1_rom_shim.S.obj
                0x0000000010003ff0                ddiv_shim
 .text.double2uint_shim
                0x00000000100041a0        0xe CMakeFiles/test.dir/home/daniel/PSA/Hardware/pico-sdk/src/rp2_common/pico_double/double_v1_rom_shim.S.obj
                0x00000000100041a0                double2uint_shim
                0x00000000100041a2                double2ufix_shim
 *fill*         0x00000000100041ae        0x2 
 .text.double2uint64_shim
                0x00000000100041b0       0x70 CMakeFiles/test.dir/home/daniel/PSA/Hardware/pico-sdk/src/rp2_common/pico_double/double_v1_rom_shim.S.obj
                0x00000000100041b0                double2uint64_shim
                0x00000000100041b2                double2ufix64_shim
                0x00000000100041d2                d2fix_a
 .text.dunpacks
                0x0000000010004220       0x3c CMakeFiles/test.dir/home/daniel/PSA/Hardware/pico-sdk/src/rp2_common/pico_double/double_v1_rom_shim.S.obj
                0x0000000010004220                dunpacks
 .text.__aeabi_lmul
                0x000000001000425c       0x32 CMakeFiles/test.dir/home/daniel/PSA/Hardware/pico-sdk/src/rp2_common/pico_int64_ops/pico_int64_ops_aeabi.S.obj
                0x000000001000425c                __wrap___aeabi_lmul
 *fill*         0x000000001000428e        0x2 
 .text.__aeabi_float_init
                0x0000000010004290       0x64 CMakeFiles/test.dir/home/daniel/PSA/Hardware/pico-sdk/src/rp2_common/pico_float/float_init_rom.c.obj
                0x0000000010004290                __aeabi_float_init
 .text.float_table_shim_on_use_helper
                0x00000000100042f4       0x2c CMakeFiles/test.dir/home/daniel/PSA/Hardware/pico-sdk/src/rp2_common/pico_float/float_v1_rom_shim.S.obj
                0x00000000100042f4                float_table_shim_on_use_helper
 .text          0x0000000010004320       0x10 CMakeFiles/test.dir/home/daniel/PSA/Hardware/pico-sdk/src/rp2_common/pico_mem_ops/mem_ops_aeabi.S.obj
                0x0000000010004320                __aeabi_mem_init
 .text.memset   0x0000000010004330        0xc CMakeFiles/test.dir/home/daniel/PSA/Hardware/pico-sdk/src/rp2_common/pico_mem_ops/mem_ops_aeabi.S.obj
                0x0000000010004330                __wrap_memset
 .text.memcpy   0x000000001000433c        0xc CMakeFiles/test.dir/home/daniel/PSA/Hardware/pico-sdk/src/rp2_common/pico_mem_ops/mem_ops_aeabi.S.obj
                0x000000001000433c                __wrap___aeabi_memcpy
                0x000000001000433c                __wrap_memcpy
 .text.stdio_out_chars_no_crlf
                0x0000000010004348       0x10 CMakeFiles/test.dir/home/daniel/PSA/Hardware/pico-sdk/src/rp2_common/pico_stdio/stdio.c.obj
 .text.stdio_out_chars_crlf
                0x0000000010004358       0x94 CMakeFiles/test.dir/home/daniel/PSA/Hardware/pico-sdk/src/rp2_common/pico_stdio/stdio.c.obj
 .text.stdio_buffered_printer
                0x00000000100043ec       0x64 CMakeFiles/test.dir/home/daniel/PSA/Hardware/pico-sdk/src/rp2_common/pico_stdio/stdio.c.obj
 .text.stdio_put_string
                0x0000000010004450      0x104 CMakeFiles/test.dir/home/daniel/PSA/Hardware/pico-sdk/src/rp2_common/pico_stdio/stdio.c.obj
 .text.__wrap_putchar
                0x0000000010004554       0x98 CMakeFiles/test.dir/home/daniel/PSA/Hardware/pico-sdk/src/rp2_common/pico_stdio/stdio.c.obj
                0x0000000010004554                __wrap_putchar
 .text.__wrap_puts
                0x00000000100045ec       0x3c CMakeFiles/test.dir/home/daniel/PSA/Hardware/pico-sdk/src/rp2_common/pico_stdio/stdio.c.obj
                0x00000000100045ec                __wrap_puts
 .text.stdio_set_driver_enabled
                0x0000000010004628       0x30 CMakeFiles/test.dir/home/daniel/PSA/Hardware/pico-sdk/src/rp2_common/pico_stdio/stdio.c.obj
                0x0000000010004628                stdio_set_driver_enabled
 .text.__wrap_vprintf
                0x0000000010004658       0xd8 CMakeFiles/test.dir/home/daniel/PSA/Hardware/pico-sdk/src/rp2_common/pico_stdio/stdio.c.obj
                0x0000000010004658                __wrap_vprintf
 .text.__wrap_printf
                0x0000000010004730       0x18 CMakeFiles/test.dir/home/daniel/PSA/Hardware/pico-sdk/src/rp2_common/pico_stdio/stdio.c.obj
                0x0000000010004730                __wrap_printf
 .text.stdio_init_all
                0x0000000010004748        0x8 CMakeFiles/test.dir/home/daniel/PSA/Hardware/pico-sdk/src/rp2_common/pico_stdio/stdio.c.obj
                0x0000000010004748                stdio_init_all
 .text.resetd_init
                0x0000000010004750        0x4 CMakeFiles/test.dir/home/daniel/PSA/Hardware/pico-sdk/src/rp2_common/pico_stdio_usb/reset_interface.c.obj
 .text.resetd_reset
                0x0000000010004754        0xc CMakeFiles/test.dir/home/daniel/PSA/Hardware/pico-sdk/src/rp2_common/pico_stdio_usb/reset_interface.c.obj
 .text.resetd_open
                0x0000000010004760       0x28 CMakeFiles/test.dir/home/daniel/PSA/Hardware/pico-sdk/src/rp2_common/pico_stdio_usb/reset_interface.c.obj
 .text.resetd_xfer_cb
                0x0000000010004788        0x4 CMakeFiles/test.dir/home/daniel/PSA/Hardware/pico-sdk/src/rp2_common/pico_stdio_usb/reset_interface.c.obj
 .text.resetd_control_xfer_cb
                0x000000001000478c       0x64 CMakeFiles/test.dir/home/daniel/PSA/Hardware/pico-sdk/src/rp2_common/pico_stdio_usb/reset_interface.c.obj
 .text.usbd_app_driver_get_cb
                0x00000000100047f0        0xc CMakeFiles/test.dir/home/daniel/PSA/Hardware/pico-sdk/src/rp2_common/pico_stdio_usb/reset_interface.c.obj
                0x00000000100047f0                usbd_app_driver_get_cb
 .text.tud_cdc_line_coding_cb
                0x00000000100047fc       0x34 CMakeFiles/test.dir/home/daniel/PSA/Hardware/pico-sdk/src/rp2_common/pico_stdio_usb/reset_interface.c.obj
                0x00000000100047fc                tud_cdc_line_coding_cb
 .text.stdio_usb_set_chars_available_callback
                0x0000000010004830       0x14 CMakeFiles/test.dir/home/daniel/PSA/Hardware/pico-sdk/src/rp2_common/pico_stdio_usb/stdio_usb.c.obj
                0x0000000010004830                stdio_usb_set_chars_available_callback
 .text.usb_irq  0x0000000010004844       0x10 CMakeFiles/test.dir/home/daniel/PSA/Hardware/pico-sdk/src/rp2_common/pico_stdio_usb/stdio_usb.c.obj
 .text.timer_task
                0x0000000010004854       0x54 CMakeFiles/test.dir/home/daniel/PSA/Hardware/pico-sdk/src/rp2_common/pico_stdio_usb/stdio_usb.c.obj
 .text.stdio_usb_in_chars
                0x00000000100048a8       0x90 CMakeFiles/test.dir/home/daniel/PSA/Hardware/pico-sdk/src/rp2_common/pico_stdio_usb/stdio_usb.c.obj
                0x00000000100048a8                stdio_usb_in_chars
 .text.stdio_usb_out_chars
                0x0000000010004938      0x100 CMakeFiles/test.dir/home/daniel/PSA/Hardware/pico-sdk/src/rp2_common/pico_stdio_usb/stdio_usb.c.obj
 .text.low_priority_worker_irq
                0x0000000010004a38       0xa8 CMakeFiles/test.dir/home/daniel/PSA/Hardware/pico-sdk/src/rp2_common/pico_stdio_usb/stdio_usb.c.obj
 .text.tud_cdc_rx_cb
                0x0000000010004ae0       0x20 CMakeFiles/test.dir/home/daniel/PSA/Hardware/pico-sdk/src/rp2_common/pico_stdio_usb/stdio_usb.c.obj
                0x0000000010004ae0                tud_cdc_rx_cb
 .text.stdio_usb_init
                0x0000000010004b00       0xdc CMakeFiles/test.dir/home/daniel/PSA/Hardware/pico-sdk/src/rp2_common/pico_stdio_usb/stdio_usb.c.obj
                0x0000000010004b00                stdio_usb_init
 .text.tud_descriptor_device_cb
                0x0000000010004bdc        0x8 CMakeFiles/test.dir/home/daniel/PSA/Hardware/pico-sdk/src/rp2_common/pico_stdio_usb/stdio_usb_descriptors.c.obj
                0x0000000010004bdc                tud_descriptor_device_cb
 .text.tud_descriptor_configuration_cb
                0x0000000010004be4        0x8 CMakeFiles/test.dir/home/daniel/PSA/Hardware/pico-sdk/src/rp2_common/pico_stdio_usb/stdio_usb_descriptors.c.obj
                0x0000000010004be4                tud_descriptor_configuration_cb
 .text.tud_descriptor_string_cb
                0x0000000010004bec       0x70 CMakeFiles/test.dir/home/daniel/PSA/Hardware/pico-sdk/src/rp2_common/pico_stdio_usb/stdio_usb_descriptors.c.obj
                0x0000000010004bec                tud_descriptor_string_cb
 .text.startup._retrieve_unique_id_on_boot
                0x0000000010004c5c       0x10 CMakeFiles/test.dir/home/daniel/PSA/Hardware/pico-sdk/src/rp2_common/pico_unique_id/unique_id.c.obj
 .text.pico_get_unique_board_id_string
                0x0000000010004c6c      0x1bc CMakeFiles/test.dir/home/daniel/PSA/Hardware/pico-sdk/src/rp2_common/pico_unique_id/unique_id.c.obj
                0x0000000010004c6c                pico_get_unique_board_id_string
 .text.flash_get_unique_id
                0x0000000010004e28       0x40 CMakeFiles/test.dir/home/daniel/PSA/Hardware/pico-sdk/src/rp2_common/hardware_flash/flash.c.obj
                0x0000000010004e28                flash_get_unique_id
 .text.dcd_int_enable
                0x0000000010004e68        0xc CMakeFiles/test.dir/home/daniel/PSA/Hardware/pico-sdk/lib/tinyusb/src/portable/raspberrypi/rp2040/dcd_rp2040.c.obj
                0x0000000010004e68                dcd_int_enable
 .text.dcd_set_address
                0x0000000010004e74       0x14 CMakeFiles/test.dir/home/daniel/PSA/Hardware/pico-sdk/lib/tinyusb/src/portable/raspberrypi/rp2040/dcd_rp2040.c.obj
                0x0000000010004e74                dcd_set_address
 .text.dcd_connect
                0x0000000010004e88       0x10 CMakeFiles/test.dir/home/daniel/PSA/Hardware/pico-sdk/lib/tinyusb/src/portable/raspberrypi/rp2040/dcd_rp2040.c.obj
                0x0000000010004e88                dcd_connect
 .text.dcd_init
                0x0000000010004e98       0x9c CMakeFiles/test.dir/home/daniel/PSA/Hardware/pico-sdk/lib/tinyusb/src/portable/raspberrypi/rp2040/dcd_rp2040.c.obj
                0x0000000010004e98                dcd_init
 .text.dcd_edpt0_status_complete
                0x0000000010004f34       0x1c CMakeFiles/test.dir/home/daniel/PSA/Hardware/pico-sdk/lib/tinyusb/src/portable/raspberrypi/rp2040/dcd_rp2040.c.obj
                0x0000000010004f34                dcd_edpt0_status_complete
 .text.dcd_edpt_open
                0x0000000010004f50      0x108 CMakeFiles/test.dir/home/daniel/PSA/Hardware/pico-sdk/lib/tinyusb/src/portable/raspberrypi/rp2040/dcd_rp2040.c.obj
                0x0000000010004f50                dcd_edpt_open
 .text.dcd_edpt_close_all
                0x0000000010005058        0x8 CMakeFiles/test.dir/home/daniel/PSA/Hardware/pico-sdk/lib/tinyusb/src/portable/raspberrypi/rp2040/dcd_rp2040.c.obj
                0x0000000010005058                dcd_edpt_close_all
 .text.dcd_edpt_xfer
                0x0000000010005060       0x24 CMakeFiles/test.dir/home/daniel/PSA/Hardware/pico-sdk/lib/tinyusb/src/portable/raspberrypi/rp2040/dcd_rp2040.c.obj
                0x0000000010005060                dcd_edpt_xfer
 .text.dcd_edpt_stall
                0x0000000010005084       0x38 CMakeFiles/test.dir/home/daniel/PSA/Hardware/pico-sdk/lib/tinyusb/src/portable/raspberrypi/rp2040/dcd_rp2040.c.obj
                0x0000000010005084                dcd_edpt_stall
 .text.dcd_edpt_clear_stall
                0x00000000100050bc       0x30 CMakeFiles/test.dir/home/daniel/PSA/Hardware/pico-sdk/lib/tinyusb/src/portable/raspberrypi/rp2040/dcd_rp2040.c.obj
                0x00000000100050bc                dcd_edpt_clear_stall
 .text.rp2040_usb_init
                0x00000000100050ec       0x4c CMakeFiles/test.dir/home/daniel/PSA/Hardware/pico-sdk/lib/tinyusb/src/portable/raspberrypi/rp2040/rp2040_usb.c.obj
                0x00000000100050ec                rp2040_usb_init
 .text.hw_endpoint_xfer_start
                0x0000000010005138       0x54 CMakeFiles/test.dir/home/daniel/PSA/Hardware/pico-sdk/lib/tinyusb/src/portable/raspberrypi/rp2040/rp2040_usb.c.obj
                0x0000000010005138                hw_endpoint_xfer_start
 .text.tud_mounted
                0x000000001000518c       0x10 CMakeFiles/test.dir/home/daniel/PSA/Hardware/pico-sdk/lib/tinyusb/src/device/usbd.c.obj
                0x000000001000518c                tud_mounted
 .text.tud_suspended
                0x000000001000519c       0x10 CMakeFiles/test.dir/home/daniel/PSA/Hardware/pico-sdk/lib/tinyusb/src/device/usbd.c.obj
                0x000000001000519c                tud_suspended
 .text.tud_inited
                0x00000000100051ac       0x14 CMakeFiles/test.dir/home/daniel/PSA/Hardware/pico-sdk/lib/tinyusb/src/device/usbd.c.obj
                0x00000000100051ac                tud_inited
 .text.tud_init
                0x00000000100051c0       0xe4 CMakeFiles/test.dir/home/daniel/PSA/Hardware/pico-sdk/lib/tinyusb/src/device/usbd.c.obj
                0x00000000100051c0                tud_init
 .text.tud_task_ext
                0x00000000100052a4      0x858 CMakeFiles/test.dir/home/daniel/PSA/Hardware/pico-sdk/lib/tinyusb/src/device/usbd.c.obj
                0x00000000100052a4                tud_task_ext
 .text.usbd_open_edpt_pair
                0x0000000010005afc       0x9c CMakeFiles/test.dir/home/daniel/PSA/Hardware/pico-sdk/lib/tinyusb/src/device/usbd.c.obj
                0x0000000010005afc                usbd_open_edpt_pair
 .text.usbd_defer_func
                0x0000000010005b98       0x4c CMakeFiles/test.dir/home/daniel/PSA/Hardware/pico-sdk/lib/tinyusb/src/device/usbd.c.obj
                0x0000000010005b98                usbd_defer_func
 .text.usbd_edpt_open
                0x0000000010005be4       0x34 CMakeFiles/test.dir/home/daniel/PSA/Hardware/pico-sdk/lib/tinyusb/src/device/usbd.c.obj
                0x0000000010005be4                usbd_edpt_open
 .text.usbd_edpt_claim
                0x0000000010005c18       0x28 CMakeFiles/test.dir/home/daniel/PSA/Hardware/pico-sdk/lib/tinyusb/src/device/usbd.c.obj
                0x0000000010005c18                usbd_edpt_claim
 .text.usbd_edpt_release
                0x0000000010005c40       0x28 CMakeFiles/test.dir/home/daniel/PSA/Hardware/pico-sdk/lib/tinyusb/src/device/usbd.c.obj
                0x0000000010005c40                usbd_edpt_release
 .text.usbd_edpt_xfer
                0x0000000010005c68       0x4c CMakeFiles/test.dir/home/daniel/PSA/Hardware/pico-sdk/lib/tinyusb/src/device/usbd.c.obj
                0x0000000010005c68                usbd_edpt_xfer
 .text.tud_control_status
                0x0000000010005cb4       0x30 CMakeFiles/test.dir/home/daniel/PSA/Hardware/pico-sdk/lib/tinyusb/src/device/usbd_control.c.obj
                0x0000000010005cb4                tud_control_status
 .text.tud_control_xfer
                0x0000000010005ce4       0xb8 CMakeFiles/test.dir/home/daniel/PSA/Hardware/pico-sdk/lib/tinyusb/src/device/usbd_control.c.obj
                0x0000000010005ce4                tud_control_xfer
 .text.usbd_control_reset
                0x0000000010005d9c       0x14 CMakeFiles/test.dir/home/daniel/PSA/Hardware/pico-sdk/lib/tinyusb/src/device/usbd_control.c.obj
                0x0000000010005d9c                usbd_control_reset
 .text.usbd_control_set_complete_callback
                0x0000000010005db0        0xc CMakeFiles/test.dir/home/daniel/PSA/Hardware/pico-sdk/lib/tinyusb/src/device/usbd_control.c.obj
                0x0000000010005db0                usbd_control_set_complete_callback
 .text.usbd_control_set_request
                0x0000000010005dbc       0x1c CMakeFiles/test.dir/home/daniel/PSA/Hardware/pico-sdk/lib/tinyusb/src/device/usbd_control.c.obj
                0x0000000010005dbc                usbd_control_set_request
 .text.usbd_control_xfer_cb
                0x0000000010005dd8       0xf8 CMakeFiles/test.dir/home/daniel/PSA/Hardware/pico-sdk/lib/tinyusb/src/device/usbd_control.c.obj
                0x0000000010005dd8                usbd_control_xfer_cb
 .text.tud_cdc_n_connected
                0x0000000010005ed0       0x30 CMakeFiles/test.dir/home/daniel/PSA/Hardware/pico-sdk/lib/tinyusb/src/class/cdc/cdc_device.c.obj
                0x0000000010005ed0                tud_cdc_n_connected
 .text.tud_cdc_n_available
                0x0000000010005f00       0x18 CMakeFiles/test.dir/home/daniel/PSA/Hardware/pico-sdk/lib/tinyusb/src/class/cdc/cdc_device.c.obj
                0x0000000010005f00                tud_cdc_n_available
 .text.tud_cdc_n_read
                0x0000000010005f18       0x70 CMakeFiles/test.dir/home/daniel/PSA/Hardware/pico-sdk/lib/tinyusb/src/class/cdc/cdc_device.c.obj
                0x0000000010005f18                tud_cdc_n_read
 .text.tud_cdc_n_write_flush
                0x0000000010005f88       0x78 CMakeFiles/test.dir/home/daniel/PSA/Hardware/pico-sdk/lib/tinyusb/src/class/cdc/cdc_device.c.obj
                0x0000000010005f88                tud_cdc_n_write_flush
 .text.tud_cdc_n_write
                0x0000000010006000       0x34 CMakeFiles/test.dir/home/daniel/PSA/Hardware/pico-sdk/lib/tinyusb/src/class/cdc/cdc_device.c.obj
                0x0000000010006000                tud_cdc_n_write
 .text.tud_cdc_n_write_available
                0x0000000010006034       0x18 CMakeFiles/test.dir/home/daniel/PSA/Hardware/pico-sdk/lib/tinyusb/src/class/cdc/cdc_device.c.obj
                0x0000000010006034                tud_cdc_n_write_available
 .text.cdcd_init
                0x000000001000604c       0x7c CMakeFiles/test.dir/home/daniel/PSA/Hardware/pico-sdk/lib/tinyusb/src/class/cdc/cdc_device.c.obj
                0x000000001000604c                cdcd_init
 .text.cdcd_reset
                0x00000000100060c8       0x2c CMakeFiles/test.dir/home/daniel/PSA/Hardware/pico-sdk/lib/tinyusb/src/class/cdc/cdc_device.c.obj
                0x00000000100060c8                cdcd_reset
 .text.cdcd_open
                0x00000000100060f4       0xe8 CMakeFiles/test.dir/home/daniel/PSA/Hardware/pico-sdk/lib/tinyusb/src/class/cdc/cdc_device.c.obj
                0x00000000100060f4                cdcd_open
 .text.cdcd_control_xfer_cb
                0x00000000100061dc       0xe4 CMakeFiles/test.dir/home/daniel/PSA/Hardware/pico-sdk/lib/tinyusb/src/class/cdc/cdc_device.c.obj
                0x00000000100061dc                cdcd_control_xfer_cb
 .text.cdcd_xfer_cb
                0x00000000100062c0      0x198 CMakeFiles/test.dir/home/daniel/PSA/Hardware/pico-sdk/lib/tinyusb/src/class/cdc/cdc_device.c.obj
                0x00000000100062c0                cdcd_xfer_cb
 .text.tusb_init
                0x0000000010006458        0xc CMakeFiles/test.dir/home/daniel/PSA/Hardware/pico-sdk/lib/tinyusb/src/tusb.c.obj
                0x0000000010006458                tusb_init
 .text.tusb_inited
                0x0000000010006464        0x8 CMakeFiles/test.dir/home/daniel/PSA/Hardware/pico-sdk/lib/tinyusb/src/tusb.c.obj
                0x0000000010006464                tusb_inited
 .text.tu_edpt_claim
                0x000000001000646c       0x50 CMakeFiles/test.dir/home/daniel/PSA/Hardware/pico-sdk/lib/tinyusb/src/tusb.c.obj
                0x000000001000646c                tu_edpt_claim
 .text.tu_edpt_release
                0x00000000100064bc       0x38 CMakeFiles/test.dir/home/daniel/PSA/Hardware/pico-sdk/lib/tinyusb/src/tusb.c.obj
                0x00000000100064bc                tu_edpt_release
 .text.tu_edpt_validate
                0x00000000100064f4       0x78 CMakeFiles/test.dir/home/daniel/PSA/Hardware/pico-sdk/lib/tinyusb/src/tusb.c.obj
                0x00000000100064f4                tu_edpt_validate
 .text.tu_edpt_bind_driver
                0x000000001000656c       0x34 CMakeFiles/test.dir/home/daniel/PSA/Hardware/pico-sdk/lib/tinyusb/src/tusb.c.obj
                0x000000001000656c                tu_edpt_bind_driver
 .text.tu_fifo_config
                0x00000000100065a0       0x70 CMakeFiles/test.dir/home/daniel/PSA/Hardware/pico-sdk/lib/tinyusb/src/common/tusb_fifo.c.obj
                0x00000000100065a0                tu_fifo_config
 .text.tu_fifo_count
                0x0000000010006610       0x2c CMakeFiles/test.dir/home/daniel/PSA/Hardware/pico-sdk/lib/tinyusb/src/common/tusb_fifo.c.obj
                0x0000000010006610                tu_fifo_count
 .text.tu_fifo_empty
                0x000000001000663c       0x10 CMakeFiles/test.dir/home/daniel/PSA/Hardware/pico-sdk/lib/tinyusb/src/common/tusb_fifo.c.obj
                0x000000001000663c                tu_fifo_empty
 .text.tu_fifo_remaining
                0x000000001000664c       0x2c CMakeFiles/test.dir/home/daniel/PSA/Hardware/pico-sdk/lib/tinyusb/src/common/tusb_fifo.c.obj
                0x000000001000664c                tu_fifo_remaining
 .text.tu_fifo_read
                0x0000000010006678       0x9c CMakeFiles/test.dir/home/daniel/PSA/Hardware/pico-sdk/lib/tinyusb/src/common/tusb_fifo.c.obj
                0x0000000010006678                tu_fifo_read
 .text.tu_fifo_read_n
                0x0000000010006714       0xf0 CMakeFiles/test.dir/home/daniel/PSA/Hardware/pico-sdk/lib/tinyusb/src/common/tusb_fifo.c.obj
                0x0000000010006714                tu_fifo_read_n
 .text.tu_fifo_write
                0x0000000010006804       0x88 CMakeFiles/test.dir/home/daniel/PSA/Hardware/pico-sdk/lib/tinyusb/src/common/tusb_fifo.c.obj
                0x0000000010006804                tu_fifo_write
 .text.tu_fifo_write_n
                0x000000001000688c      0x158 CMakeFiles/test.dir/home/daniel/PSA/Hardware/pico-sdk/lib/tinyusb/src/common/tusb_fifo.c.obj
                0x000000001000688c                tu_fifo_write_n
 .text.tu_fifo_clear
                0x00000000100069e4       0x40 CMakeFiles/test.dir/home/daniel/PSA/Hardware/pico-sdk/lib/tinyusb/src/common/tusb_fifo.c.obj
                0x00000000100069e4                tu_fifo_clear
 .text.tu_fifo_set_overwritable
                0x0000000010006a24       0x48 CMakeFiles/test.dir/home/daniel/PSA/Hardware/pico-sdk/lib/tinyusb/src/common/tusb_fifo.c.obj
                0x0000000010006a24                tu_fifo_set_overwritable
 .text          0x0000000010006a6c       0x68 /usr/lib/gcc/arm-none-eabi/9.2.1/../../../arm-none-eabi/lib/thumb/v6-m/nofp/libc.a(lib_a-strlen-stub.o)
                0x0000000010006a6c                strlen
 *(.fini)
 .fini          0x0000000010006ad4        0x4 /usr/lib/gcc/arm-none-eabi/9.2.1/thumb/v6-m/nofp/crti.o
                0x0000000010006ad4                _fini
 .fini.__stub   0x0000000010006ad8       0xd0 linker stubs
 *crtbegin.o(.ctors)
 *crtbegin?.o(.ctors)
 *(EXCLUDE_FILE(*crtend.o *crtend?.o) .ctors)
 *(SORT_BY_NAME(.ctors.*))
 *(.ctors)
 *crtbegin.o(.dtors)
 *crtbegin?.o(.dtors)
 *(EXCLUDE_FILE(*crtend.o *crtend?.o) .dtors)
 *(SORT_BY_NAME(.dtors.*))
 *(.dtors)
 *(.eh_frame*)
 .eh_frame      0x0000000010006ba8        0x0 /usr/lib/gcc/arm-none-eabi/9.2.1/thumb/v6-m/nofp/crtbegin.o
                0x0000000010006ba8                . = ALIGN (0x4)

.glue_7         0x0000000010006ba8        0x0
 .glue_7        0x0000000010006ba8        0x0 linker stubs

.glue_7t        0x0000000010006ba8        0x0
 .glue_7t       0x0000000010006ba8        0x0 linker stubs

.vfp11_veneer   0x0000000010006ba8        0x0
 .vfp11_veneer  0x0000000010006ba8        0x0 linker stubs

.v4_bx          0x0000000010006ba8        0x0
 .v4_bx         0x0000000010006ba8        0x0 linker stubs

.iplt           0x0000000010006ba8        0x0
 .iplt          0x0000000010006ba8        0x0 /usr/lib/gcc/arm-none-eabi/9.2.1/thumb/v6-m/nofp/crtbegin.o

.rodata         0x0000000010006ba8      0x52c
 *(EXCLUDE_FILE(*libm.a: *libc.a:*lib_a-mem*.o *libgcc.a:) .rodata*)
 .rodata.next_pin.str1.4
                0x0000000010006ba8       0x10 CMakeFiles/test.dir/test.c.obj
 .rodata.spin_lock_claim_unused.str1.4
                0x0000000010006bb8       0x1b CMakeFiles/test.dir/home/daniel/PSA/Hardware/pico-sdk/src/rp2_common/hardware_sync/sync.c.obj
 *fill*         0x0000000010006bd3        0x1 
 .rodata.user_irq_claim_unused.str1.4
                0x0000000010006bd4       0x1b CMakeFiles/test.dir/home/daniel/PSA/Hardware/pico-sdk/src/rp2_common/hardware_irq/irq.c.obj
 *fill*         0x0000000010006bef        0x1 
 .rodata.hardware_alarm_claim.str1.4
                0x0000000010006bf0       0x22 CMakeFiles/test.dir/home/daniel/PSA/Hardware/pico-sdk/src/rp2_common/hardware_timer/timer.c.obj
 *fill*         0x0000000010006c12        0x2 
 .rodata.panic.str1.4
                0x0000000010006c14       0x12 CMakeFiles/test.dir/home/daniel/PSA/Hardware/pico-sdk/src/rp2_common/pico_runtime/runtime.c.obj
 *fill*         0x0000000010006c26        0x2 
 .rodata.hard_assertion_failure.str1.4
                0x0000000010006c28        0xc CMakeFiles/test.dir/home/daniel/PSA/Hardware/pico-sdk/src/rp2_common/pico_runtime/runtime.c.obj
 .rodata._ftoa.str1.4
                0x0000000010006c34       0x15 CMakeFiles/test.dir/home/daniel/PSA/Hardware/pico-sdk/src/rp2_common/pico_printf/printf.c.obj
 *fill*         0x0000000010006c49        0x3 
 .rodata._vsnprintf
                0x0000000010006c4c      0x1e0 CMakeFiles/test.dir/home/daniel/PSA/Hardware/pico-sdk/src/rp2_common/pico_printf/printf.c.obj
 *fill*         0x0000000010006e2c        0x4 
 .rodata.pow10.5452
                0x0000000010006e30       0x50 CMakeFiles/test.dir/home/daniel/PSA/Hardware/pico-sdk/src/rp2_common/pico_printf/printf.c.obj
 .rodata.str1.4
                0x0000000010006e80       0x3c CMakeFiles/test.dir/home/daniel/PSA/Hardware/pico-sdk/src/rp2_common/pico_standard_link/binary_info.c.obj
 .rodata.__bi_44
                0x0000000010006ebc        0xc CMakeFiles/test.dir/home/daniel/PSA/Hardware/pico-sdk/src/rp2_common/pico_standard_link/binary_info.c.obj
 .rodata.__bi_75
                0x0000000010006ec8        0xc CMakeFiles/test.dir/home/daniel/PSA/Hardware/pico-sdk/src/rp2_common/pico_standard_link/binary_info.c.obj
 .rodata.__bi_81
                0x0000000010006ed4        0xc CMakeFiles/test.dir/home/daniel/PSA/Hardware/pico-sdk/src/rp2_common/pico_standard_link/binary_info.c.obj
 .rodata.crlf_str.6086
                0x0000000010006ee0        0x2 CMakeFiles/test.dir/home/daniel/PSA/Hardware/pico-sdk/src/rp2_common/pico_stdio/stdio.c.obj
 *fill*         0x0000000010006ee2        0x2 
 .rodata._resetd_driver
                0x0000000010006ee4       0x18 CMakeFiles/test.dir/home/daniel/PSA/Hardware/pico-sdk/src/rp2_common/pico_stdio_usb/reset_interface.c.obj
 .rodata.str1.4
                0x0000000010006efc       0x13 CMakeFiles/test.dir/home/daniel/PSA/Hardware/pico-sdk/src/rp2_common/pico_stdio_usb/stdio_usb.c.obj
 *fill*         0x0000000010006f0f        0x1 
 .rodata.__bi_188.7657
                0x0000000010006f10        0xc CMakeFiles/test.dir/home/daniel/PSA/Hardware/pico-sdk/src/rp2_common/pico_stdio_usb/stdio_usb.c.obj
 .rodata.str1.4
                0x0000000010006f1c       0x2a CMakeFiles/test.dir/home/daniel/PSA/Hardware/pico-sdk/src/rp2_common/pico_stdio_usb/stdio_usb_descriptors.c.obj
 *fill*         0x0000000010006f46        0x2 
 .rodata.usbd_desc_cfg
                0x0000000010006f48       0x54 CMakeFiles/test.dir/home/daniel/PSA/Hardware/pico-sdk/src/rp2_common/pico_stdio_usb/stdio_usb_descriptors.c.obj
 .rodata.usbd_desc_device
                0x0000000010006f9c       0x12 CMakeFiles/test.dir/home/daniel/PSA/Hardware/pico-sdk/src/rp2_common/pico_stdio_usb/stdio_usb_descriptors.c.obj
 *fill*         0x0000000010006fae        0x2 
 .rodata.usbd_desc_str
                0x0000000010006fb0       0x18 CMakeFiles/test.dir/home/daniel/PSA/Hardware/pico-sdk/src/rp2_common/pico_stdio_usb/stdio_usb_descriptors.c.obj
 .rodata.str1.4
                0x0000000010006fc8       0x14 CMakeFiles/test.dir/home/daniel/PSA/Hardware/pico-sdk/lib/tinyusb/src/portable/raspberrypi/rp2040/dcd_rp2040.c.obj
 .rodata.str1.4
                0x0000000010006fdc       0x53 CMakeFiles/test.dir/home/daniel/PSA/Hardware/pico-sdk/lib/tinyusb/src/portable/raspberrypi/rp2040/rp2040_usb.c.obj
 *fill*         0x000000001000702f        0x1 
 .rodata.tud_task_ext
                0x0000000010007030       0x8c CMakeFiles/test.dir/home/daniel/PSA/Hardware/pico-sdk/lib/tinyusb/src/device/usbd.c.obj
 .rodata._usbd_driver
                0x00000000100070bc       0x18 CMakeFiles/test.dir/home/daniel/PSA/Hardware/pico-sdk/lib/tinyusb/src/device/usbd.c.obj
                0x00000000100070d4                . = ALIGN (0x4)
 *(SORT_BY_ALIGNMENT(SORT_BY_NAME(.flashdata*)))
                0x00000000100070d4                . = ALIGN (0x4)

.rel.dyn        0x00000000100070d4        0x0
 .rel.iplt      0x00000000100070d4        0x0 /usr/lib/gcc/arm-none-eabi/9.2.1/thumb/v6-m/nofp/crtbegin.o

.ARM.extab
 *(.ARM.extab* .gnu.linkonce.armextab.*)
                0x00000000100070d4                __exidx_start = .

.ARM.exidx
 *(.ARM.exidx* .gnu.linkonce.armexidx.*)
                0x00000000100070d4                __exidx_end = .
                0x00000000100070d4                . = ALIGN (0x4)
                0x00000000100070d4                __binary_info_start = .

.binary_info    0x00000000100070d4       0x20
 *(.binary_info.keep.*)
 .binary_info.keep.__bi_ptr22
                0x00000000100070d4        0x4 CMakeFiles/test.dir/home/daniel/PSA/Hardware/pico-sdk/src/rp2_common/pico_standard_link/binary_info.c.obj
 .binary_info.keep.__bi_ptr30
                0x00000000100070d8        0x4 CMakeFiles/test.dir/home/daniel/PSA/Hardware/pico-sdk/src/rp2_common/pico_standard_link/binary_info.c.obj
 .binary_info.keep.__bi_ptr38
                0x00000000100070dc        0x4 CMakeFiles/test.dir/home/daniel/PSA/Hardware/pico-sdk/src/rp2_common/pico_standard_link/binary_info.c.obj
 .binary_info.keep.__bi_ptr44
                0x00000000100070e0        0x4 CMakeFiles/test.dir/home/daniel/PSA/Hardware/pico-sdk/src/rp2_common/pico_standard_link/binary_info.c.obj
 .binary_info.keep.__bi_ptr50
                0x00000000100070e4        0x4 CMakeFiles/test.dir/home/daniel/PSA/Hardware/pico-sdk/src/rp2_common/pico_standard_link/binary_info.c.obj
 .binary_info.keep.__bi_ptr75
                0x00000000100070e8        0x4 CMakeFiles/test.dir/home/daniel/PSA/Hardware/pico-sdk/src/rp2_common/pico_standard_link/binary_info.c.obj
 .binary_info.keep.__bi_ptr81
                0x00000000100070ec        0x4 CMakeFiles/test.dir/home/daniel/PSA/Hardware/pico-sdk/src/rp2_common/pico_standard_link/binary_info.c.obj
 *(.binary_info.*)
 .binary_info.__bi_ptr188
                0x00000000100070f0        0x4 CMakeFiles/test.dir/home/daniel/PSA/Hardware/pico-sdk/src/rp2_common/pico_stdio_usb/stdio_usb.c.obj
                0x00000000100070f4                __binary_info_end = .
                0x00000000100070f4                . = ALIGN (0x4)
                0x00000000100070f4                __etext = .

.ram_vector_table
                0x0000000020000000       0xc0
 *(.ram_vector_table)
 .ram_vector_table
                0x0000000020000000       0xc0 CMakeFiles/test.dir/home/daniel/PSA/Hardware/pico-sdk/src/rp2_common/pico_runtime/runtime.c.obj
                0x0000000020000000                ram_vector_table

.data           0x00000000200000c0      0xea0 load address 0x00000000100070f4
                0x00000000200000c0                __data_start__ = .
 *(vtable)
 *(.time_critical*)
 .time_critical.mutex_try_enter
                0x00000000200000c0       0x48 CMakeFiles/test.dir/home/daniel/PSA/Hardware/pico-sdk/src/common/pico_sync/mutex.c.obj
                0x00000000200000c0                mutex_try_enter
 .time_critical.mutex_try_enter_block_until
                0x0000000020000108       0xb0 CMakeFiles/test.dir/home/daniel/PSA/Hardware/pico-sdk/src/common/pico_sync/mutex.c.obj
                0x0000000020000108                mutex_try_enter_block_until
 .time_critical.mutex_enter_timeout_ms
                0x00000000200001b8       0x90 CMakeFiles/test.dir/home/daniel/PSA/Hardware/pico-sdk/src/common/pico_sync/mutex.c.obj
                0x00000000200001b8                mutex_enter_timeout_ms
 .time_critical.mutex_exit
                0x0000000020000248       0x28 CMakeFiles/test.dir/home/daniel/PSA/Hardware/pico-sdk/src/common/pico_sync/mutex.c.obj
                0x0000000020000248                mutex_exit
 .time_critical.flash_init_boot2_copyout
                0x0000000020000270       0x30 CMakeFiles/test.dir/home/daniel/PSA/Hardware/pico-sdk/src/rp2_common/hardware_flash/flash.c.obj
 .time_critical.flash_enable_xip_via_boot2
                0x00000000200002a0       0x10 CMakeFiles/test.dir/home/daniel/PSA/Hardware/pico-sdk/src/rp2_common/hardware_flash/flash.c.obj
 .time_critical.flash_cs_force
                0x00000000200002b0       0x38 CMakeFiles/test.dir/home/daniel/PSA/Hardware/pico-sdk/src/rp2_common/hardware_flash/flash.c.obj
 .time_critical.flash_do_cmd
                0x00000000200002e8       0xc4 CMakeFiles/test.dir/home/daniel/PSA/Hardware/pico-sdk/src/rp2_common/hardware_flash/flash.c.obj
                0x00000000200002e8                flash_do_cmd
 .time_critical.reset_non_control_endpoints
                0x00000000200003ac       0xbc CMakeFiles/test.dir/home/daniel/PSA/Hardware/pico-sdk/lib/tinyusb/src/portable/raspberrypi/rp2040/dcd_rp2040.c.obj
 .time_critical.hw_handle_buff_status
                0x0000000020000468       0xb4 CMakeFiles/test.dir/home/daniel/PSA/Hardware/pico-sdk/lib/tinyusb/src/portable/raspberrypi/rp2040/dcd_rp2040.c.obj
 .time_critical.dcd_rp2040_irq
                0x000000002000051c      0x4f4 CMakeFiles/test.dir/home/daniel/PSA/Hardware/pico-sdk/lib/tinyusb/src/portable/raspberrypi/rp2040/dcd_rp2040.c.obj
 .time_critical.prepare_ep_buffer
                0x0000000020000a10       0x70 CMakeFiles/test.dir/home/daniel/PSA/Hardware/pico-sdk/lib/tinyusb/src/portable/raspberrypi/rp2040/rp2040_usb.c.obj
 .time_critical.sync_ep_buffer
                0x0000000020000a80       0x4c CMakeFiles/test.dir/home/daniel/PSA/Hardware/pico-sdk/lib/tinyusb/src/portable/raspberrypi/rp2040/rp2040_usb.c.obj
 .time_critical._hw_endpoint_xfer_sync
                0x0000000020000acc       0x28 CMakeFiles/test.dir/home/daniel/PSA/Hardware/pico-sdk/lib/tinyusb/src/portable/raspberrypi/rp2040/rp2040_usb.c.obj
 .time_critical.e15_is_bulkin_ep
                0x0000000020000af4       0x28 CMakeFiles/test.dir/home/daniel/PSA/Hardware/pico-sdk/lib/tinyusb/src/portable/raspberrypi/rp2040/rp2040_usb.c.obj
 .time_critical.e15_is_critical_frame_period
                0x0000000020000b1c       0x38 CMakeFiles/test.dir/home/daniel/PSA/Hardware/pico-sdk/lib/tinyusb/src/portable/raspberrypi/rp2040/rp2040_usb.c.obj
 .time_critical.hw_endpoint_reset_transfer
                0x0000000020000b54        0xc CMakeFiles/test.dir/home/daniel/PSA/Hardware/pico-sdk/lib/tinyusb/src/portable/raspberrypi/rp2040/rp2040_usb.c.obj
                0x0000000020000b54                hw_endpoint_reset_transfer
 .time_critical._hw_endpoint_buffer_control_update32
                0x0000000020000b60       0x58 CMakeFiles/test.dir/home/daniel/PSA/Hardware/pico-sdk/lib/tinyusb/src/portable/raspberrypi/rp2040/rp2040_usb.c.obj
                0x0000000020000b60                _hw_endpoint_buffer_control_update32
 .time_critical.hw_endpoint_start_next_buffer
                0x0000000020000bb8       0x6c CMakeFiles/test.dir/home/daniel/PSA/Hardware/pico-sdk/lib/tinyusb/src/portable/raspberrypi/rp2040/rp2040_usb.c.obj
                0x0000000020000bb8                hw_endpoint_start_next_buffer
 .time_critical.hw_endpoint_xfer_continue
                0x0000000020000c24       0x50 CMakeFiles/test.dir/home/daniel/PSA/Hardware/pico-sdk/lib/tinyusb/src/portable/raspberrypi/rp2040/rp2040_usb.c.obj
                0x0000000020000c24                hw_endpoint_xfer_continue
 .time_critical.tinyusb
                0x0000000020000c74      0x170 CMakeFiles/test.dir/home/daniel/PSA/Hardware/pico-sdk/lib/tinyusb/src/device/usbd.c.obj
                0x0000000020000c74                dcd_event_handler
 *(.text*)
 .text          0x0000000020000de4        0x4 /usr/lib/gcc/arm-none-eabi/9.2.1/thumb/v6-m/nofp/libgcc.a(_dvmd_tls.o)
                0x0000000020000de4                __aeabi_ldiv0
                0x0000000020000de4                __aeabi_idiv0
 .text.__stub   0x0000000020000de8       0x70 linker stubs
                0x0000000020000e58                . = ALIGN (0x4)
 *(.rodata*)
                0x0000000020000e58                . = ALIGN (0x4)
 *(.data*)
 .data.current_pin_mask
                0x0000000020000e58        0x4 CMakeFiles/test.dir/test.c.obj
                0x0000000020000e58                current_pin_mask
 .data.delay_time_us
                0x0000000020000e5c        0x4 CMakeFiles/test.dir/test.c.obj
                0x0000000020000e5c                delay_time_us
 .data.output_pins
                0x0000000020000e60        0x4 CMakeFiles/test.dir/test.c.obj
                0x0000000020000e60                output_pins
 .data.striped_spin_lock_num
                0x0000000020000e64        0x1 CMakeFiles/test.dir/home/daniel/PSA/Hardware/pico-sdk/src/rp2_common/hardware_sync/sync.c.obj
 *fill*         0x0000000020000e65        0x3 
 .data          0x0000000020000e68       0x48 CMakeFiles/test.dir/home/daniel/PSA/Hardware/pico-sdk/src/rp2_common/hardware_irq/irq_handler_chain.S.obj
                0x0000000020000e68                irq_handler_chain_slots
                0x0000000020000e98                irq_handler_chain_first_slot
                0x0000000020000ea2                irq_handler_chain_remove_tail
 .data.default_alarm_pool
                0x0000000020000eb0       0x18 CMakeFiles/test.dir/home/daniel/PSA/Hardware/pico-sdk/src/common/pico_time/time.c.obj
 .data.default_alarm_pool_heap
                0x0000000020000ec8       0x10 CMakeFiles/test.dir/home/daniel/PSA/Hardware/pico-sdk/src/common/pico_time/time.c.obj
 *fill*         0x0000000020000ed8        0x8 
 .data.aeabi_bits_funcs
                0x0000000020000ee0       0x10 CMakeFiles/test.dir/home/daniel/PSA/Hardware/pico-sdk/src/rp2_common/pico_bit_ops/bit_ops_aeabi.S.obj
                0x0000000020000ee0                aeabi_bits_funcs
                0x0000000020000ef0                aeabi_bits_funcs_end
 .data.aeabi_mem_funcs
                0x0000000020000ef0       0x10 CMakeFiles/test.dir/home/daniel/PSA/Hardware/pico-sdk/src/rp2_common/pico_mem_ops/mem_ops_aeabi.S.obj
                0x0000000020000ef0                aeabi_mem_funcs
                0x0000000020000f00                aeabi_mem_funcs_end
 .data.stdio_usb
                0x0000000020000f00       0x18 CMakeFiles/test.dir/home/daniel/PSA/Hardware/pico-sdk/src/rp2_common/pico_stdio_usb/stdio_usb.c.obj
                0x0000000020000f00                stdio_usb
 .data.ep_dir_string
                0x0000000020000f18        0x8 CMakeFiles/test.dir/home/daniel/PSA/Hardware/pico-sdk/lib/tinyusb/src/portable/raspberrypi/rp2040/rp2040_usb.c.obj
                0x0000000020000f18                ep_dir_string
 .data._usbd_qdef
                0x0000000020000f20       0x1c CMakeFiles/test.dir/home/daniel/PSA/Hardware/pico-sdk/lib/tinyusb/src/device/usbd.c.obj
                0x0000000020000f20                _usbd_qdef
 .data._usbd_rhport
                0x0000000020000f3c        0x1 CMakeFiles/test.dir/home/daniel/PSA/Hardware/pico-sdk/lib/tinyusb/src/device/usbd.c.obj
                0x0000000020000f40                . = ALIGN (0x4)
 *fill*         0x0000000020000f3d        0x3 
 *(.after_data.*)
                0x0000000020000f40                . = ALIGN (0x4)
                0x0000000020000f40                PROVIDE (__mutex_array_start = .)
 *(SORT_BY_NAME(.mutex_array.*))
 *(.mutex_array)
 .mutex_array   0x0000000020000f40        0x8 CMakeFiles/test.dir/home/daniel/PSA/Hardware/pico-sdk/src/rp2_common/pico_stdio/stdio.c.obj
                0x0000000020000f48                PROVIDE (__mutex_array_end = .)
                0x0000000020000f48                . = ALIGN (0x4)
                0x0000000020000f48                PROVIDE (__preinit_array_start = .)
 *(SORT_BY_NAME(.preinit_array.*))
 .preinit_array.00001
                0x0000000020000f48        0x4 CMakeFiles/test.dir/home/daniel/PSA/Hardware/pico-sdk/src/rp2_common/pico_mem_ops/mem_ops_aeabi.S.obj
 .preinit_array.00010
                0x0000000020000f4c        0x4 CMakeFiles/test.dir/home/daniel/PSA/Hardware/pico-sdk/src/rp2_common/pico_bit_ops/bit_ops_aeabi.S.obj
 .preinit_array.00020
                0x0000000020000f50        0x4 CMakeFiles/test.dir/home/daniel/PSA/Hardware/pico-sdk/src/rp2_common/pico_double/double_aeabi.S.obj
 .preinit_array.00020
                0x0000000020000f54        0x4 CMakeFiles/test.dir/home/daniel/PSA/Hardware/pico-sdk/src/rp2_common/pico_float/float_aeabi.S.obj
 *(.preinit_array)
                0x0000000020000f58                PROVIDE (__preinit_array_end = .)
                0x0000000020000f58                . = ALIGN (0x4)
                0x0000000020000f58                PROVIDE (__init_array_start = .)
 *(SORT_BY_NAME(.init_array.*))
 *(.init_array)
 .init_array    0x0000000020000f58        0x4 /usr/lib/gcc/arm-none-eabi/9.2.1/thumb/v6-m/nofp/crtbegin.o
 .init_array    0x0000000020000f5c        0x4 CMakeFiles/test.dir/home/daniel/PSA/Hardware/pico-sdk/src/rp2_common/pico_unique_id/unique_id.c.obj
                0x0000000020000f60                PROVIDE (__init_array_end = .)
                0x0000000020000f60                . = ALIGN (0x4)
                0x0000000020000f60                PROVIDE (__fini_array_start = .)
 *(SORT_BY_NAME(.fini_array.*))
 *(.fini_array)
                0x0000000020000f60                PROVIDE (__fini_array_end = .)
 *(.jcr)
                0x0000000020000f60                . = ALIGN (0x4)
                0x0000000020000f60                __data_end__ = .

.tm_clone_table
                0x0000000020000f60        0x0 load address 0x0000000010007f94
 .tm_clone_table
                0x0000000020000f60        0x0 /usr/lib/gcc/arm-none-eabi/9.2.1/thumb/v6-m/nofp/crtbegin.o
 .tm_clone_table
                0x0000000020000f60        0x0 /usr/lib/gcc/arm-none-eabi/9.2.1/thumb/v6-m/nofp/crtend.o

.igot.plt       0x0000000020000f60        0x0 load address 0x0000000010007f94
 .igot.plt      0x0000000020000f60        0x0 /usr/lib/gcc/arm-none-eabi/9.2.1/thumb/v6-m/nofp/crtbegin.o

.uninitialized_data
                0x0000000020000f60        0x0 load address 0x0000000010007f94
                0x0000000020000f60                . = ALIGN (0x4)
 *(.uninitialized_data*)

.scratch_x      0x0000000020040000        0x0 load address 0x0000000010007f94
                0x0000000020040000                __scratch_x_start__ = .
 *(.scratch_x.*)
                0x0000000020040000                . = ALIGN (0x4)
                0x0000000020040000                __scratch_x_end__ = .
                0x0000000010007f94                __scratch_x_source__ = LOADADDR (.scratch_x)

.scratch_y      0x0000000020041000        0x0 load address 0x0000000010007f94
                0x0000000020041000                __scratch_y_start__ = .
 *(.scratch_y.*)
                0x0000000020041000                . = ALIGN (0x4)
                0x0000000020041000                __scratch_y_end__ = .
                0x0000000010007f94                __scratch_y_source__ = LOADADDR (.scratch_y)

.bss            0x0000000020000f60      0xd8c
                0x0000000020000f60                . = ALIGN (0x4)
                0x0000000020000f60                __bss_start__ = .
 *(SORT_BY_ALIGNMENT(SORT_BY_NAME(.bss*)))
 .bss.default_alarm_pool_entries
                0x0000000020000f60      0x100 CMakeFiles/test.dir/home/daniel/PSA/Hardware/pico-sdk/src/common/pico_time/time.c.obj
 .bss.last_avail_time.7630
                0x0000000020001060        0x8 CMakeFiles/test.dir/home/daniel/PSA/Hardware/pico-sdk/src/rp2_common/pico_stdio_usb/stdio_usb.c.obj
 .bss           0x0000000020001068       0x1c /usr/lib/gcc/arm-none-eabi/9.2.1/thumb/v6-m/nofp/crtbegin.o
 .bss._app_driver
                0x0000000020001084        0x4 CMakeFiles/test.dir/home/daniel/PSA/Hardware/pico-sdk/lib/tinyusb/src/device/usbd.c.obj
 .bss._cdcd_itf
                0x0000000020001088      0x2c8 CMakeFiles/test.dir/home/daniel/PSA/Hardware/pico-sdk/lib/tinyusb/src/class/cdc/cdc_device.c.obj
 .bss._ctrl_xfer
                0x0000000020001350       0x14 CMakeFiles/test.dir/home/daniel/PSA/Hardware/pico-sdk/lib/tinyusb/src/device/usbd_control.c.obj
 .bss._ubsd_mutexdef
                0x0000000020001364        0x8 CMakeFiles/test.dir/home/daniel/PSA/Hardware/pico-sdk/lib/tinyusb/src/device/usbd.c.obj
 .bss._usbd_ctrl_buf
                0x000000002000136c       0x40 CMakeFiles/test.dir/home/daniel/PSA/Hardware/pico-sdk/lib/tinyusb/src/device/usbd_control.c.obj
 .bss._usbd_dev
                0x00000000200013ac       0x53 CMakeFiles/test.dir/home/daniel/PSA/Hardware/pico-sdk/lib/tinyusb/src/device/usbd.c.obj
 *fill*         0x00000000200013ff        0x1 
 .bss._usbd_mutex
                0x0000000020001400        0x4 CMakeFiles/test.dir/home/daniel/PSA/Hardware/pico-sdk/lib/tinyusb/src/device/usbd.c.obj
 .bss._usbd_q   0x0000000020001404        0x4 CMakeFiles/test.dir/home/daniel/PSA/Hardware/pico-sdk/lib/tinyusb/src/device/usbd.c.obj
 .bss.alarm_callbacks
                0x0000000020001408       0x10 CMakeFiles/test.dir/home/daniel/PSA/Hardware/pico-sdk/src/rp2_common/hardware_timer/timer.c.obj
 .bss.boot2_copyout
                0x0000000020001418      0x100 CMakeFiles/test.dir/home/daniel/PSA/Hardware/pico-sdk/src/rp2_common/hardware_flash/flash.c.obj
 .bss.chars_available_callback
                0x0000000020001518        0x4 CMakeFiles/test.dir/home/daniel/PSA/Hardware/pico-sdk/src/rp2_common/pico_stdio_usb/stdio_usb.c.obj
 .bss.chars_available_param
                0x000000002000151c        0x4 CMakeFiles/test.dir/home/daniel/PSA/Hardware/pico-sdk/src/rp2_common/pico_stdio_usb/stdio_usb.c.obj
 .bss.claimed   0x0000000020001520        0x4 CMakeFiles/test.dir/home/daniel/PSA/Hardware/pico-sdk/src/rp2_common/hardware_sync/sync.c.obj
 .bss.configured_freq
                0x0000000020001524       0x28 CMakeFiles/test.dir/home/daniel/PSA/Hardware/pico-sdk/src/rp2_common/hardware_clocks/clocks.c.obj
 .bss.current_pin_num
                0x000000002000154c        0x4 CMakeFiles/test.dir/test.c.obj
                0x000000002000154c                current_pin_num
 .bss.default_alarm_pool_entry_ids_high
                0x0000000020001550       0x10 CMakeFiles/test.dir/home/daniel/PSA/Hardware/pico-sdk/src/common/pico_time/time.c.obj
 .bss.default_alarm_pool_heap_nodes
                0x0000000020001560       0x30 CMakeFiles/test.dir/home/daniel/PSA/Hardware/pico-sdk/src/common/pico_time/time.c.obj
 .bss.desc_str.7422
                0x0000000020001590       0x28 CMakeFiles/test.dir/home/daniel/PSA/Hardware/pico-sdk/src/rp2_common/pico_stdio_usb/stdio_usb_descriptors.c.obj
 .bss.drivers   0x00000000200015b8        0x4 CMakeFiles/test.dir/home/daniel/PSA/Hardware/pico-sdk/src/rp2_common/pico_stdio/stdio.c.obj
 .bss.e15_last_sof
                0x00000000200015bc        0x4 CMakeFiles/test.dir/home/daniel/PSA/Hardware/pico-sdk/lib/tinyusb/src/portable/raspberrypi/rp2040/rp2040_usb.c.obj
                0x00000000200015bc                e15_last_sof
 .bss.filter    0x00000000200015c0        0x4 CMakeFiles/test.dir/home/daniel/PSA/Hardware/pico-sdk/src/rp2_common/pico_stdio/stdio.c.obj
 .bss.hw_endpoints
                0x00000000200015c4      0x400 CMakeFiles/test.dir/home/daniel/PSA/Hardware/pico-sdk/lib/tinyusb/src/portable/raspberrypi/rp2040/dcd_rp2040.c.obj
 .bss.lazy_vsnprintf
                0x00000000200019c4        0x4 CMakeFiles/test.dir/home/daniel/PSA/Hardware/pico-sdk/src/rp2_common/pico_printf/printf.c.obj
 .bss.load_value
                0x00000000200019c8        0x4 CMakeFiles/test.dir/home/daniel/PSA/Hardware/pico-sdk/src/rp2_common/hardware_watchdog/watchdog.c.obj
 .bss.next_buffer_ptr
                0x00000000200019cc        0x4 CMakeFiles/test.dir/home/daniel/PSA/Hardware/pico-sdk/lib/tinyusb/src/portable/raspberrypi/rp2040/dcd_rp2040.c.obj
 .bss.one_shot_timer_crit_sec
                0x00000000200019d0        0x8 CMakeFiles/test.dir/home/daniel/PSA/Hardware/pico-sdk/src/rp2_common/pico_stdio_usb/stdio_usb.c.obj
 .bss.pools     0x00000000200019d8       0x10 CMakeFiles/test.dir/home/daniel/PSA/Hardware/pico-sdk/src/common/pico_time/time.c.obj
 .bss.retrieved_id
                0x00000000200019e8        0x8 CMakeFiles/test.dir/home/daniel/PSA/Hardware/pico-sdk/src/rp2_common/pico_unique_id/unique_id.c.obj
 .bss.sf_clz_func
                0x00000000200019f0        0x4 CMakeFiles/test.dir/home/daniel/PSA/Hardware/pico-sdk/src/rp2_common/pico_double/double_init_rom.c.obj
                0x00000000200019f0                sf_clz_func
 .bss.sleep_notifier
                0x00000000200019f4        0x4 CMakeFiles/test.dir/home/daniel/PSA/Hardware/pico-sdk/src/common/pico_time/time.c.obj
 .bss.stdio_usb_mutex
                0x00000000200019f8        0x8 CMakeFiles/test.dir/home/daniel/PSA/Hardware/pico-sdk/src/rp2_common/pico_stdio_usb/stdio_usb.c.obj
 .bss.target_hi
                0x0000000020001a00       0x10 CMakeFiles/test.dir/home/daniel/PSA/Hardware/pico-sdk/src/rp2_common/hardware_timer/timer.c.obj
 .bss.usbd_serial_str
                0x0000000020001a10       0x11 CMakeFiles/test.dir/home/daniel/PSA/Hardware/pico-sdk/src/rp2_common/pico_stdio_usb/stdio_usb_descriptors.c.obj
 .bss._app_driver_count
                0x0000000020001a21        0x1 CMakeFiles/test.dir/home/daniel/PSA/Hardware/pico-sdk/lib/tinyusb/src/device/usbd.c.obj
 .bss._sof_enable
                0x0000000020001a22        0x1 CMakeFiles/test.dir/home/daniel/PSA/Hardware/pico-sdk/lib/tinyusb/src/portable/raspberrypi/rp2040/dcd_rp2040.c.obj
 .bss.boot2_copyout_valid
                0x0000000020001a23        0x1 CMakeFiles/test.dir/home/daniel/PSA/Hardware/pico-sdk/src/rp2_common/hardware_flash/flash.c.obj
 .bss.claimed   0x0000000020001a24        0x1 CMakeFiles/test.dir/home/daniel/PSA/Hardware/pico-sdk/src/rp2_common/hardware_timer/timer.c.obj
 .bss.irq_hander_chain_free_slot_head
                0x0000000020001a25        0x1 CMakeFiles/test.dir/home/daniel/PSA/Hardware/pico-sdk/src/rp2_common/hardware_irq/irq.c.obj
 .bss.itf_num   0x0000000020001a26        0x1 CMakeFiles/test.dir/home/daniel/PSA/Hardware/pico-sdk/src/rp2_common/pico_stdio_usb/reset_interface.c.obj
 .bss.low_priority_irq_num
                0x0000000020001a27        0x1 CMakeFiles/test.dir/home/daniel/PSA/Hardware/pico-sdk/src/rp2_common/pico_stdio_usb/stdio_usb.c.obj
 .bss.one_shot_timer_pending
                0x0000000020001a28        0x1 CMakeFiles/test.dir/home/daniel/PSA/Hardware/pico-sdk/src/rp2_common/pico_stdio_usb/stdio_usb.c.obj
 .bss.timer_callbacks_pending
                0x0000000020001a29        0x1 CMakeFiles/test.dir/home/daniel/PSA/Hardware/pico-sdk/src/rp2_common/hardware_timer/timer.c.obj
 .bss.user_irq_claimed
                0x0000000020001a2a        0x1 CMakeFiles/test.dir/home/daniel/PSA/Hardware/pico-sdk/src/rp2_common/hardware_irq/irq.c.obj
 *(COMMON)
 *fill*         0x0000000020001a2b        0x1 
 COMMON         0x0000000020001a2c      0x100 CMakeFiles/test.dir/home/daniel/PSA/Hardware/pico-sdk/src/rp2_common/pico_double/double_init_rom.c.obj
                0x0000000020001a2c                sd_table
 COMMON         0x0000000020001b2c      0x100 CMakeFiles/test.dir/home/daniel/PSA/Hardware/pico-sdk/src/rp2_common/pico_float/float_init_rom.c.obj
                0x0000000020001b2c                sf_table
 COMMON         0x0000000020001c2c       0xc0 CMakeFiles/test.dir/home/daniel/PSA/Hardware/pico-sdk/lib/tinyusb/src/device/usbd.c.obj
                0x0000000020001c2c                _usbd_qdef_buf
                0x0000000020001cec                . = ALIGN (0x4)
                0x0000000020001cec                __bss_end__ = .

.heap           0x0000000020001cec      0x800
                0x0000000020001cec                __end__ = .
                0x0000000020001cec                end = __end__
 *(.heap*)
 .heap          0x0000000020001cec      0x800 CMakeFiles/test.dir/home/daniel/PSA/Hardware/pico-sdk/src/rp2_common/pico_standard_link/crt0.S.obj
                0x00000000200024ec                __HeapLimit = .

.stack1_dummy   0x0000000020040000        0x0
 *(.stack1*)

.stack_dummy    0x0000000020041000      0x800
 *(.stack*)
 .stack         0x0000000020041000      0x800 CMakeFiles/test.dir/home/daniel/PSA/Hardware/pico-sdk/src/rp2_common/pico_standard_link/crt0.S.obj

.flash_end      0x0000000010007f94        0x0
                0x0000000010007f94                __flash_binary_end = .
                0x0000000020040000                __StackLimit = (ORIGIN (RAM) + LENGTH (RAM))
                0x0000000020041000                __StackOneTop = (ORIGIN (SCRATCH_X) + LENGTH (SCRATCH_X))
                0x0000000020042000                __StackTop = (ORIGIN (SCRATCH_Y) + LENGTH (SCRATCH_Y))
                0x0000000020041000                __StackOneBottom = (__StackOneTop - SIZEOF (.stack1_dummy))
                0x0000000020041800                __StackBottom = (__StackTop - SIZEOF (.stack_dummy))
                0x0000000020042000                PROVIDE (__stack = __StackTop)
                0x0000000000000001                ASSERT ((__StackLimit >= __HeapLimit), region RAM overflowed)
                0x0000000000000001                ASSERT (((__binary_info_header_end - __logical_binary_start) <= 0x100), Binary info must be in first 256 bytes of the binary)
LOAD CMakeFiles/test.dir/test.c.obj
LOAD CMakeFiles/test.dir/home/daniel/PSA/Hardware/pico-sdk/src/rp2_common/pico_stdlib/stdlib.c.obj
LOAD CMakeFiles/test.dir/home/daniel/PSA/Hardware/pico-sdk/src/rp2_common/hardware_gpio/gpio.c.obj
LOAD CMakeFiles/test.dir/home/daniel/PSA/Hardware/pico-sdk/src/rp2_common/pico_platform/platform.c.obj
LOAD CMakeFiles/test.dir/home/daniel/PSA/Hardware/pico-sdk/src/rp2_common/hardware_claim/claim.c.obj
LOAD CMakeFiles/test.dir/home/daniel/PSA/Hardware/pico-sdk/src/rp2_common/hardware_sync/sync.c.obj
LOAD CMakeFiles/test.dir/home/daniel/PSA/Hardware/pico-sdk/src/rp2_common/hardware_irq/irq.c.obj
LOAD CMakeFiles/test.dir/home/daniel/PSA/Hardware/pico-sdk/src/rp2_common/hardware_irq/irq_handler_chain.S.obj
LOAD CMakeFiles/test.dir/home/daniel/PSA/Hardware/pico-sdk/src/common/pico_sync/sem.c.obj
LOAD CMakeFiles/test.dir/home/daniel/PSA/Hardware/pico-sdk/src/common/pico_sync/lock_core.c.obj
LOAD CMakeFiles/test.dir/home/daniel/PSA/Hardware/pico-sdk/src/common/pico_sync/mutex.c.obj
LOAD CMakeFiles/test.dir/home/daniel/PSA/Hardware/pico-sdk/src/common/pico_sync/critical_section.c.obj
LOAD CMakeFiles/test.dir/home/daniel/PSA/Hardware/pico-sdk/src/common/pico_time/time.c.obj
LOAD CMakeFiles/test.dir/home/daniel/PSA/Hardware/pico-sdk/src/common/pico_time/timeout_helper.c.obj
LOAD CMakeFiles/test.dir/home/daniel/PSA/Hardware/pico-sdk/src/rp2_common/hardware_timer/timer.c.obj
LOAD CMakeFiles/test.dir/home/daniel/PSA/Hardware/pico-sdk/src/common/pico_util/datetime.c.obj
LOAD CMakeFiles/test.dir/home/daniel/PSA/Hardware/pico-sdk/src/common/pico_util/pheap.c.obj
LOAD CMakeFiles/test.dir/home/daniel/PSA/Hardware/pico-sdk/src/common/pico_util/queue.c.obj
LOAD CMakeFiles/test.dir/home/daniel/PSA/Hardware/pico-sdk/src/rp2_common/hardware_uart/uart.c.obj
LOAD CMakeFiles/test.dir/home/daniel/PSA/Hardware/pico-sdk/src/rp2_common/hardware_clocks/clocks.c.obj
LOAD CMakeFiles/test.dir/home/daniel/PSA/Hardware/pico-sdk/src/rp2_common/hardware_pll/pll.c.obj
LOAD CMakeFiles/test.dir/home/daniel/PSA/Hardware/pico-sdk/src/rp2_common/hardware_vreg/vreg.c.obj
LOAD CMakeFiles/test.dir/home/daniel/PSA/Hardware/pico-sdk/src/rp2_common/hardware_watchdog/watchdog.c.obj
LOAD CMakeFiles/test.dir/home/daniel/PSA/Hardware/pico-sdk/src/rp2_common/hardware_xosc/xosc.c.obj
LOAD CMakeFiles/test.dir/home/daniel/PSA/Hardware/pico-sdk/src/rp2_common/hardware_divider/divider.S.obj
LOAD CMakeFiles/test.dir/home/daniel/PSA/Hardware/pico-sdk/src/rp2_common/pico_runtime/runtime.c.obj
LOAD CMakeFiles/test.dir/home/daniel/PSA/Hardware/pico-sdk/src/rp2_common/pico_printf/printf.c.obj
LOAD CMakeFiles/test.dir/home/daniel/PSA/Hardware/pico-sdk/src/rp2_common/pico_bit_ops/bit_ops_aeabi.S.obj
LOAD CMakeFiles/test.dir/home/daniel/PSA/Hardware/pico-sdk/src/rp2_common/pico_bootrom/bootrom.c.obj
LOAD CMakeFiles/test.dir/home/daniel/PSA/Hardware/pico-sdk/src/rp2_common/pico_divider/divider.S.obj
LOAD CMakeFiles/test.dir/home/daniel/PSA/Hardware/pico-sdk/src/rp2_common/pico_double/double_aeabi.S.obj
LOAD CMakeFiles/test.dir/home/daniel/PSA/Hardware/pico-sdk/src/rp2_common/pico_double/double_init_rom.c.obj
LOAD CMakeFiles/test.dir/home/daniel/PSA/Hardware/pico-sdk/src/rp2_common/pico_double/double_math.c.obj
LOAD CMakeFiles/test.dir/home/daniel/PSA/Hardware/pico-sdk/src/rp2_common/pico_double/double_v1_rom_shim.S.obj
LOAD CMakeFiles/test.dir/home/daniel/PSA/Hardware/pico-sdk/src/rp2_common/pico_int64_ops/pico_int64_ops_aeabi.S.obj
LOAD CMakeFiles/test.dir/home/daniel/PSA/Hardware/pico-sdk/src/rp2_common/pico_float/float_aeabi.S.obj
LOAD CMakeFiles/test.dir/home/daniel/PSA/Hardware/pico-sdk/src/rp2_common/pico_float/float_init_rom.c.obj
LOAD CMakeFiles/test.dir/home/daniel/PSA/Hardware/pico-sdk/src/rp2_common/pico_float/float_math.c.obj
LOAD CMakeFiles/test.dir/home/daniel/PSA/Hardware/pico-sdk/src/rp2_common/pico_float/float_v1_rom_shim.S.obj
LOAD CMakeFiles/test.dir/home/daniel/PSA/Hardware/pico-sdk/src/rp2_common/pico_malloc/pico_malloc.c.obj
LOAD CMakeFiles/test.dir/home/daniel/PSA/Hardware/pico-sdk/src/rp2_common/pico_mem_ops/mem_ops_aeabi.S.obj
LOAD CMakeFiles/test.dir/home/daniel/PSA/Hardware/pico-sdk/src/rp2_common/pico_standard_link/crt0.S.obj
LOAD CMakeFiles/test.dir/home/daniel/PSA/Hardware/pico-sdk/src/rp2_common/pico_standard_link/new_delete.cpp.obj
LOAD CMakeFiles/test.dir/home/daniel/PSA/Hardware/pico-sdk/src/rp2_common/pico_standard_link/binary_info.c.obj
LOAD CMakeFiles/test.dir/home/daniel/PSA/Hardware/pico-sdk/src/rp2_common/pico_stdio/stdio.c.obj
LOAD CMakeFiles/test.dir/home/daniel/PSA/Hardware/pico-sdk/src/rp2_common/pico_stdio_usb/reset_interface.c.obj
LOAD CMakeFiles/test.dir/home/daniel/PSA/Hardware/pico-sdk/src/rp2_common/pico_stdio_usb/stdio_usb.c.obj
LOAD CMakeFiles/test.dir/home/daniel/PSA/Hardware/pico-sdk/src/rp2_common/pico_stdio_usb/stdio_usb_descriptors.c.obj
LOAD CMakeFiles/test.dir/home/daniel/PSA/Hardware/pico-sdk/src/rp2_common/pico_unique_id/unique_id.c.obj
LOAD CMakeFiles/test.dir/home/daniel/PSA/Hardware/pico-sdk/src/rp2_common/hardware_flash/flash.c.obj
LOAD CMakeFiles/test.dir/home/daniel/PSA/Hardware/pico-sdk/lib/tinyusb/src/portable/raspberrypi/rp2040/dcd_rp2040.c.obj
LOAD CMakeFiles/test.dir/home/daniel/PSA/Hardware/pico-sdk/lib/tinyusb/src/portable/raspberrypi/rp2040/rp2040_usb.c.obj
LOAD CMakeFiles/test.dir/home/daniel/PSA/Hardware/pico-sdk/lib/tinyusb/src/device/usbd.c.obj
LOAD CMakeFiles/test.dir/home/daniel/PSA/Hardware/pico-sdk/lib/tinyusb/src/device/usbd_control.c.obj
LOAD CMakeFiles/test.dir/home/daniel/PSA/Hardware/pico-sdk/lib/tinyusb/src/class/audio/audio_device.c.obj
LOAD CMakeFiles/test.dir/home/daniel/PSA/Hardware/pico-sdk/lib/tinyusb/src/class/cdc/cdc_device.c.obj
LOAD CMakeFiles/test.dir/home/daniel/PSA/Hardware/pico-sdk/lib/tinyusb/src/class/dfu/dfu_device.c.obj
LOAD CMakeFiles/test.dir/home/daniel/PSA/Hardware/pico-sdk/lib/tinyusb/src/class/dfu/dfu_rt_device.c.obj
LOAD CMakeFiles/test.dir/home/daniel/PSA/Hardware/pico-sdk/lib/tinyusb/src/class/hid/hid_device.c.obj
LOAD CMakeFiles/test.dir/home/daniel/PSA/Hardware/pico-sdk/lib/tinyusb/src/class/midi/midi_device.c.obj
LOAD CMakeFiles/test.dir/home/daniel/PSA/Hardware/pico-sdk/lib/tinyusb/src/class/msc/msc_device.c.obj
LOAD CMakeFiles/test.dir/home/daniel/PSA/Hardware/pico-sdk/lib/tinyusb/src/class/net/ecm_rndis_device.c.obj
LOAD CMakeFiles/test.dir/home/daniel/PSA/Hardware/pico-sdk/lib/tinyusb/src/class/net/ncm_device.c.obj
LOAD CMakeFiles/test.dir/home/daniel/PSA/Hardware/pico-sdk/lib/tinyusb/src/class/usbtmc/usbtmc_device.c.obj
LOAD CMakeFiles/test.dir/home/daniel/PSA/Hardware/pico-sdk/lib/tinyusb/src/class/vendor/vendor_device.c.obj
LOAD CMakeFiles/test.dir/home/daniel/PSA/Hardware/pico-sdk/lib/tinyusb/src/class/video/video_device.c.obj
LOAD CMakeFiles/test.dir/home/daniel/PSA/Hardware/pico-sdk/lib/tinyusb/src/tusb.c.obj
LOAD CMakeFiles/test.dir/home/daniel/PSA/Hardware/pico-sdk/lib/tinyusb/src/common/tusb_fifo.c.obj
LOAD CMakeFiles/test.dir/home/daniel/PSA/Hardware/pico-sdk/src/rp2_common/pico_fix/rp2040_usb_device_enumeration/rp2040_usb_device_enumeration.c.obj
LOAD CMakeFiles/test.dir/home/daniel/PSA/Hardware/pico-sdk/src/rp2_common/hardware_adc/adc.c.obj
LOAD /tmp/cc9zANOy.o
LOAD /usr/lib/gcc/arm-none-eabi/9.2.1/../../../arm-none-eabi/lib/thumb/v6-m/nofp/libstdc++.a
LOAD /usr/lib/gcc/arm-none-eabi/9.2.1/../../../arm-none-eabi/lib/thumb/v6-m/nofp/libm.a
START GROUP
LOAD /usr/lib/gcc/arm-none-eabi/9.2.1/thumb/v6-m/nofp/libgcc.a
LOAD /usr/lib/gcc/arm-none-eabi/9.2.1/../../../arm-none-eabi/lib/thumb/v6-m/nofp/libc.a
END GROUP
START GROUP
LOAD /usr/lib/gcc/arm-none-eabi/9.2.1/thumb/v6-m/nofp/libgcc.a
LOAD /usr/lib/gcc/arm-none-eabi/9.2.1/../../../arm-none-eabi/lib/thumb/v6-m/nofp/libc.a
LOAD /usr/lib/gcc/arm-none-eabi/9.2.1/../../../arm-none-eabi/lib/thumb/v6-m/nofp/libnosys.a
END GROUP
LOAD /usr/lib/gcc/arm-none-eabi/9.2.1/thumb/v6-m/nofp/crtend.o
LOAD /usr/lib/gcc/arm-none-eabi/9.2.1/thumb/v6-m/nofp/crtn.o
OUTPUT(test.elf elf32-littlearm)
LOAD linker stubs

.ARM.attributes
                0x0000000000000000       0x28
 .ARM.attributes
                0x0000000000000000       0x1e /usr/lib/gcc/arm-none-eabi/9.2.1/thumb/v6-m/nofp/crti.o
 .ARM.attributes
                0x000000000000001e       0x2c /usr/lib/gcc/arm-none-eabi/9.2.1/thumb/v6-m/nofp/crtbegin.o
 .ARM.attributes
                0x000000000000004a       0x2c CMakeFiles/test.dir/test.c.obj
 .ARM.attributes
                0x0000000000000076       0x2c CMakeFiles/test.dir/home/daniel/PSA/Hardware/pico-sdk/src/rp2_common/hardware_gpio/gpio.c.obj
 .ARM.attributes
                0x00000000000000a2       0x2c CMakeFiles/test.dir/home/daniel/PSA/Hardware/pico-sdk/src/rp2_common/pico_platform/platform.c.obj
 .ARM.attributes
                0x00000000000000ce       0x2c CMakeFiles/test.dir/home/daniel/PSA/Hardware/pico-sdk/src/rp2_common/hardware_claim/claim.c.obj
 .ARM.attributes
                0x00000000000000fa       0x2c CMakeFiles/test.dir/home/daniel/PSA/Hardware/pico-sdk/src/rp2_common/hardware_sync/sync.c.obj
 .ARM.attributes
                0x0000000000000126       0x2c CMakeFiles/test.dir/home/daniel/PSA/Hardware/pico-sdk/src/rp2_common/hardware_irq/irq.c.obj
 .ARM.attributes
                0x0000000000000152       0x22 CMakeFiles/test.dir/home/daniel/PSA/Hardware/pico-sdk/src/rp2_common/hardware_irq/irq_handler_chain.S.obj
 .ARM.attributes
                0x0000000000000174       0x2c CMakeFiles/test.dir/home/daniel/PSA/Hardware/pico-sdk/src/common/pico_sync/lock_core.c.obj
 .ARM.attributes
                0x00000000000001a0       0x2c CMakeFiles/test.dir/home/daniel/PSA/Hardware/pico-sdk/src/common/pico_sync/mutex.c.obj
 .ARM.attributes
                0x00000000000001cc       0x2c CMakeFiles/test.dir/home/daniel/PSA/Hardware/pico-sdk/src/common/pico_sync/critical_section.c.obj
 .ARM.attributes
                0x00000000000001f8       0x2c CMakeFiles/test.dir/home/daniel/PSA/Hardware/pico-sdk/src/common/pico_time/time.c.obj
 .ARM.attributes
                0x0000000000000224       0x2c CMakeFiles/test.dir/home/daniel/PSA/Hardware/pico-sdk/src/rp2_common/hardware_timer/timer.c.obj
 .ARM.attributes
                0x0000000000000250       0x2c CMakeFiles/test.dir/home/daniel/PSA/Hardware/pico-sdk/src/common/pico_util/pheap.c.obj
 .ARM.attributes
                0x000000000000027c       0x2c CMakeFiles/test.dir/home/daniel/PSA/Hardware/pico-sdk/src/rp2_common/hardware_clocks/clocks.c.obj
 .ARM.attributes
                0x00000000000002a8       0x2c CMakeFiles/test.dir/home/daniel/PSA/Hardware/pico-sdk/src/rp2_common/hardware_pll/pll.c.obj
 .ARM.attributes
                0x00000000000002d4       0x2c CMakeFiles/test.dir/home/daniel/PSA/Hardware/pico-sdk/src/rp2_common/hardware_watchdog/watchdog.c.obj
 .ARM.attributes
                0x0000000000000300       0x2c CMakeFiles/test.dir/home/daniel/PSA/Hardware/pico-sdk/src/rp2_common/hardware_xosc/xosc.c.obj
 .ARM.attributes
                0x000000000000032c       0x2c CMakeFiles/test.dir/home/daniel/PSA/Hardware/pico-sdk/src/rp2_common/pico_runtime/runtime.c.obj
 .ARM.attributes
                0x0000000000000358       0x2c CMakeFiles/test.dir/home/daniel/PSA/Hardware/pico-sdk/src/rp2_common/pico_printf/printf.c.obj
 .ARM.attributes
                0x0000000000000384       0x22 CMakeFiles/test.dir/home/daniel/PSA/Hardware/pico-sdk/src/rp2_common/pico_bit_ops/bit_ops_aeabi.S.obj
 .ARM.attributes
                0x00000000000003a6       0x2c CMakeFiles/test.dir/home/daniel/PSA/Hardware/pico-sdk/src/rp2_common/pico_bootrom/bootrom.c.obj
 .ARM.attributes
                0x00000000000003d2       0x22 CMakeFiles/test.dir/home/daniel/PSA/Hardware/pico-sdk/src/rp2_common/pico_divider/divider.S.obj
 .ARM.attributes
                0x00000000000003f4       0x22 CMakeFiles/test.dir/home/daniel/PSA/Hardware/pico-sdk/src/rp2_common/pico_double/double_aeabi.S.obj
 .ARM.attributes
                0x0000000000000416       0x2c CMakeFiles/test.dir/home/daniel/PSA/Hardware/pico-sdk/src/rp2_common/pico_double/double_init_rom.c.obj
 .ARM.attributes
                0x0000000000000442       0x22 CMakeFiles/test.dir/home/daniel/PSA/Hardware/pico-sdk/src/rp2_common/pico_double/double_v1_rom_shim.S.obj
 .ARM.attributes
                0x0000000000000464       0x22 CMakeFiles/test.dir/home/daniel/PSA/Hardware/pico-sdk/src/rp2_common/pico_int64_ops/pico_int64_ops_aeabi.S.obj
 .ARM.attributes
                0x0000000000000486       0x22 CMakeFiles/test.dir/home/daniel/PSA/Hardware/pico-sdk/src/rp2_common/pico_float/float_aeabi.S.obj
 .ARM.attributes
                0x00000000000004a8       0x2c CMakeFiles/test.dir/home/daniel/PSA/Hardware/pico-sdk/src/rp2_common/pico_float/float_init_rom.c.obj
 .ARM.attributes
                0x00000000000004d4       0x22 CMakeFiles/test.dir/home/daniel/PSA/Hardware/pico-sdk/src/rp2_common/pico_float/float_v1_rom_shim.S.obj
 .ARM.attributes
                0x00000000000004f6       0x22 CMakeFiles/test.dir/home/daniel/PSA/Hardware/pico-sdk/src/rp2_common/pico_mem_ops/mem_ops_aeabi.S.obj
 .ARM.attributes
                0x0000000000000518       0x22 CMakeFiles/test.dir/home/daniel/PSA/Hardware/pico-sdk/src/rp2_common/pico_standard_link/crt0.S.obj
 .ARM.attributes
                0x000000000000053a       0x32 CMakeFiles/test.dir/home/daniel/PSA/Hardware/pico-sdk/src/rp2_common/pico_standard_link/binary_info.c.obj
 .ARM.attributes
                0x000000000000056c       0x2c CMakeFiles/test.dir/home/daniel/PSA/Hardware/pico-sdk/src/rp2_common/pico_stdio/stdio.c.obj
 .ARM.attributes
                0x0000000000000598       0x2c CMakeFiles/test.dir/home/daniel/PSA/Hardware/pico-sdk/src/rp2_common/pico_stdio_usb/reset_interface.c.obj
 .ARM.attributes
                0x00000000000005c4       0x2c CMakeFiles/test.dir/home/daniel/PSA/Hardware/pico-sdk/src/rp2_common/pico_stdio_usb/stdio_usb.c.obj
 .ARM.attributes
                0x00000000000005f0       0x2c CMakeFiles/test.dir/home/daniel/PSA/Hardware/pico-sdk/src/rp2_common/pico_stdio_usb/stdio_usb_descriptors.c.obj
 .ARM.attributes